◇ injected env (0) from .env // tip: ⌘ suppress logs { quiet: true }
Connecting to SQLite database at: C:\Users\USER\Desktop\project\Kanaric\tmp-task5-runtime-20260828-run7\task5.sqlite
Starting media monitor bridge (python)
Karaoke Remote Gateway listening on 0.0.0.0:5902
Web Server & WebSocket running on http://localhost:5900
✓ Connected to SQLite database
✓ Added album column to listening_history
✓ Added base_title column to listening_history
Media monitor bridge exited with code 1. Restarting in 3 seconds...
Starting media monitor bridge (python)
Media monitor bridge exited with code 1. Restarting in 3 seconds...
Starting media monitor bridge (python)
Media monitor bridge exited with code 1. Restarting in 3 seconds...
Starting media monitor bridge (python)
Media monitor bridge exited with code 1. Restarting in 3 seconds...
Starting media monitor bridge (python)
Media monitor bridge exited with code 1. Restarting in 3 seconds...
Starting media monitor bridge (python)
Media monitor bridge exited with code 1. Restarting in 3 seconds...
Starting media monitor bridge (python)
Media monitor bridge exited with code 1. Restarting in 3 seconds...
Starting media monitor bridge (python)
Media monitor bridge exited with code 1. Restarting in 3 seconds...
Starting media monitor bridge (python)
Media monitor bridge exited with code 1. Restarting in 3 seconds...
Starting media monitor bridge (python)
Media monitor bridge exited with code 1. Restarting in 3 seconds...
Starting media monitor bridge (python)
Media monitor bridge exited with code 1. Restarting in 3 seconds...
Starting media monitor bridge (python)
Media monitor bridge exited with code 1. Restarting in 3 seconds...
WebSocket client connected (Dynamic Island)
Starting media monitor bridge (python)
Media monitor bridge exited with code 1. Restarting in 3 seconds...
Starting media monitor bridge (python)
Media monitor bridge exited with code 1. Restarting in 3 seconds...
Starting media monitor bridge (python)
Media monitor bridge exited with code 1. Restarting in 3 seconds...
WebSocket client connected (Dynamic Island)
Starting media monitor bridge (python)
Media monitor bridge exited with code 1. Restarting in 3 seconds...
Starting media monitor bridge (python)
Media monitor bridge exited with code 1. Restarting in 3 seconds...
Starting media monitor bridge (python)
Media monitor bridge exited with code 1. Restarting in 3 seconds...
Starting media monitor bridge (python)
Media monitor bridge exited with code 1. Restarting in 3 seconds...
Starting media monitor bridge (python)
Media monitor bridge exited with code 1. Restarting in 3 seconds...
Starting media monitor bridge (python)
Media monitor bridge exited with code 1. Restarting in 3 seconds...
Starting media monitor bridge (python)
Media monitor bridge exited with code 1. Restarting in 3 seconds...
Starting media monitor bridge (python)
Media monitor bridge exited with code 1. Restarting in 3 seconds...
Starting media monitor bridge (python)
Media monitor bridge exited with code 1. Restarting in 3 seconds...
Starting media monitor bridge (python)
Media monitor bridge exited with code 1. Restarting in 3 seconds...
Starting media monitor bridge (python)
Media monitor bridge exited with code 1. Restarting in 3 seconds...
Starting media monitor bridge (python)
Media monitor bridge exited with code 1. Restarting in 3 seconds...
Starting media monitor bridge (python)
Media monitor bridge exited with code 1. Restarting in 3 seconds...
Starting media monitor bridge (python)
Media monitor bridge exited with code 1. Restarting in 3 seconds...
Starting media monitor bridge (python)
Media monitor bridge exited with code 1. Restarting in 3 seconds...
Starting media monitor bridge (python)
Media monitor bridge exited with code 1. Restarting in 3 seconds...
Starting media monitor bridge (python)
Media monitor bridge exited with code 1. Restarting in 3 seconds...
Starting media monitor bridge (python)
Media monitor bridge exited with code 1. Restarting in 3 seconds...
Starting media monitor bridge (python)
Media monitor bridge exited with code 1. Restarting in 3 seconds...
Starting media monitor bridge (python)
Media monitor bridge exited with code 1. Restarting in 3 seconds...
Starting media monitor bridge (python)
Media monitor bridge exited with code 1. Restarting in 3 seconds...
Starting media monitor bridge (python)
Media monitor bridge exited with code 1. Restarting in 3 seconds...
Starting media monitor bridge (python)
Media monitor bridge exited with code 1. Restarting in 3 seconds...
Starting media monitor bridge (python)
Media monitor bridge exited with code 1. Restarting in 3 seconds...
Starting media monitor bridge (python)
Media monitor bridge exited with code 1. Restarting in 3 seconds...
Starting media monitor bridge (python)
Media monitor bridge exited with code 1. Restarting in 3 seconds...
Starting media monitor bridge (python)
Media monitor bridge exited with code 1. Restarting in 3 seconds...
Starting media monitor bridge (python)
Media monitor bridge exited with code 1. Restarting in 3 seconds...
Starting media monitor bridge (python)
Media monitor bridge exited with code 1. Restarting in 3 seconds...
Starting media monitor bridge (python)
Media monitor bridge exited with code 1. Restarting in 3 seconds...
Starting media monitor bridge (python)
Media monitor bridge exited with code 1. Restarting in 3 seconds...
Starting media monitor bridge (python)
Media monitor bridge exited with code 1. Restarting in 3 seconds...
Starting media monitor bridge (python)
Media monitor bridge exited with code 1. Restarting in 3 seconds...
Starting media monitor bridge (python)
Media monitor bridge exited with code 1. Restarting in 3 seconds...
Starting media monitor bridge (python)
Media monitor bridge exited with code 1. Restarting in 3 seconds...
Starting media monitor bridge (python)
Media monitor bridge exited with code 1. Restarting in 3 seconds...
Starting media monitor bridge (python)
Media monitor bridge exited with code 1. Restarting in 3 seconds...
Starting media monitor bridge (python)
Media monitor bridge exited with code 1. Restarting in 3 seconds...
Starting media monitor bridge (python)
Media monitor bridge exited with code 1. Restarting in 3 seconds...
Starting media monitor bridge (python)
Media monitor bridge exited with code 1. Restarting in 3 seconds...
Starting media monitor bridge (python)
Media monitor bridge exited with code 1. Restarting in 3 seconds...
Starting media monitor bridge (python)
Media monitor bridge exited with code 1. Restarting in 3 seconds...
Starting media monitor bridge (python)
Media monitor bridge exited with code 1. Restarting in 3 seconds...
Starting media monitor bridge (python)
Media monitor bridge exited with code 1. Restarting in 3 seconds...
Starting media monitor bridge (python)
Media monitor bridge exited with code 1. Restarting in 3 seconds...
Starting media monitor bridge (python)
Media monitor bridge exited with code 1. Restarting in 3 seconds...
Starting media monitor bridge (python)
Media monitor bridge exited with code 1. Restarting in 3 seconds...
Starting media monitor bridge (python)
Media monitor bridge exited with code 1. Restarting in 3 seconds...
Starting media monitor bridge (python)
Media monitor bridge exited with code 1. Restarting in 3 seconds...
Starting media monitor bridge (python)
Media monitor bridge exited with code 1. Restarting in 3 seconds...
Starting media monitor bridge (python)
Media monitor bridge exited with code 1. Restarting in 3 seconds...
Starting media monitor bridge (python)
Media monitor bridge exited with code 1. Restarting in 3 seconds...
Starting media monitor bridge (python)
Media monitor bridge exited with code 1. Restarting in 3 seconds...
Starting media monitor bridge (python)
Media monitor bridge exited with code 1. Restarting in 3 seconds...
Starting media monitor bridge (python)
Media monitor bridge exited with code 1. Restarting in 3 seconds...
Starting media monitor bridge (python)
Media monitor bridge exited with code 1. Restarting in 3 seconds...
Starting media monitor bridge (python)
Media monitor bridge exited with code 1. Restarting in 3 seconds...
Starting media monitor bridge (python)
Media monitor bridge exited with code 1. Restarting in 3 seconds...
Starting media monitor bridge (python)
Media monitor bridge exited with code 1. Restarting in 3 seconds...
Starting media monitor bridge (python)
Media monitor bridge exited with code 1. Restarting in 3 seconds...
Starting media monitor bridge (python)
Media monitor bridge exited with code 1. Restarting in 3 seconds...
Starting media monitor bridge (python)
Media monitor bridge exited with code 1. Restarting in 3 seconds...
Starting media monitor bridge (python)
Media monitor bridge exited with code 1. Restarting in 3 seconds...
Starting media monitor bridge (python)
Media monitor bridge exited with code 1. Restarting in 3 seconds...
Starting media monitor bridge (python)
Media monitor bridge exited with code 1. Restarting in 3 seconds...
Starting media monitor bridge (python)
Media monitor bridge exited with code 1. Restarting in 3 seconds...
Starting media monitor bridge (python)
Media monitor bridge exited with code 1. Restarting in 3 seconds...
Starting media monitor bridge (python)
Media monitor bridge exited with code 1. Restarting in 3 seconds...
Starting media monitor bridge (python)
Media monitor bridge exited with code 1. Restarting in 3 seconds...
Starting media monitor bridge (python)
Media monitor bridge exited with code 1. Restarting in 3 seconds...
Starting media monitor bridge (python)
Media monitor bridge exited with code 1. Restarting in 3 seconds...
Starting media monitor bridge (python)
Media monitor bridge exited with code 1. Restarting in 3 seconds...
Starting media monitor bridge (python)
Media monitor bridge exited with code 1. Restarting in 3 seconds...
Starting media monitor bridge (python)
Media monitor bridge exited with code 1. Restarting in 3 seconds...
Starting media monitor bridge (python)
Media monitor bridge exited with code 1. Restarting in 3 seconds...
Starting media monitor bridge (python)
Media monitor bridge exited with code 1. Restarting in 3 seconds...
Starting media monitor bridge (python)
Media monitor bridge exited with code 1. Restarting in 3 seconds...
Starting media monitor bridge (python)
Media monitor bridge exited with code 1. Restarting in 3 seconds...
Starting media monitor bridge (python)
Media monitor bridge exited with code 1. Restarting in 3 seconds...
Starting media monitor bridge (python)
Media monitor bridge exited with code 1. Restarting in 3 seconds...
Starting media monitor bridge (python)
Media monitor bridge exited with code 1. Restarting in 3 seconds...
Starting media monitor bridge (python)
Media monitor bridge exited with code 1. Restarting in 3 seconds...
WebSocket client disconnected
WebSocket client disconnected
Starting media monitor bridge (python)
Media monitor bridge exited with code 1. Restarting in 3 seconds...
Starting media monitor bridge (python)
Media monitor bridge exited with code 1. Restarting in 3 seconds...
