◇ injected env (0) from .env // tip: ⌘ enable debugging { debug: true }
Connecting to SQLite database at: C:\Users\USER\Desktop\project\Kanaric\tmp-task4-runtime-20260828-run3\task4.sqlite
Starting media monitor bridge (python)
Karaoke Remote Gateway listening on 0.0.0.0:5862
Web Server & WebSocket running on http://localhost:5860
✓ Connected to SQLite database
✓ Added album column to listening_history
✓ Added base_title column to listening_history
Media monitor bridge exited with code 1. Restarting in 3 seconds...
Starting media monitor bridge (python)
Media monitor bridge exited with code 1. Restarting in 3 seconds...
Starting media monitor bridge (python)
Media monitor bridge exited with code 1. Restarting in 3 seconds...
Starting media monitor bridge (python)
Media monitor bridge exited with code 1. Restarting in 3 seconds...
Starting media monitor bridge (python)
Media monitor bridge exited with code 1. Restarting in 3 seconds...
Starting media monitor bridge (python)
Media monitor bridge exited with code 1. Restarting in 3 seconds...
Starting media monitor bridge (python)
Media monitor bridge exited with code 1. Restarting in 3 seconds...
Starting media monitor bridge (python)
Media monitor bridge exited with code 1. Restarting in 3 seconds...
Starting media monitor bridge (python)
Media monitor bridge exited with code 1. Restarting in 3 seconds...
Starting media monitor bridge (python)
Media monitor bridge exited with code 1. Restarting in 3 seconds...
Starting media monitor bridge (python)
Media monitor bridge exited with code 1. Restarting in 3 seconds...
Starting media monitor bridge (python)
Media monitor bridge exited with code 1. Restarting in 3 seconds...
Starting media monitor bridge (python)
Media monitor bridge exited with code 1. Restarting in 3 seconds...
Starting media monitor bridge (python)
Media monitor bridge exited with code 1. Restarting in 3 seconds...
Starting media monitor bridge (python)
Media monitor bridge exited with code 1. Restarting in 3 seconds...
Starting media monitor bridge (python)
Media monitor bridge exited with code 1. Restarting in 3 seconds...
Starting media monitor bridge (python)
Media monitor bridge exited with code 1. Restarting in 3 seconds...
Starting media monitor bridge (python)
Media monitor bridge exited with code 1. Restarting in 3 seconds...
Starting media monitor bridge (python)
Media monitor bridge exited with code 1. Restarting in 3 seconds...
Starting media monitor bridge (python)
Media monitor bridge exited with code 1. Restarting in 3 seconds...
Starting media monitor bridge (python)
Media monitor bridge exited with code 1. Restarting in 3 seconds...
Starting media monitor bridge (python)
Media monitor bridge exited with code 1. Restarting in 3 seconds...
Starting media monitor bridge (python)
Media monitor bridge exited with code 1. Restarting in 3 seconds...
Starting media monitor bridge (python)
Media monitor bridge exited with code 1. Restarting in 3 seconds...
Starting media monitor bridge (python)
Media monitor bridge exited with code 1. Restarting in 3 seconds...
Starting media monitor bridge (python)
Media monitor bridge exited with code 1. Restarting in 3 seconds...
WebSocket client connected (Dynamic Island)
Starting media monitor bridge (python)
Media monitor bridge exited with code 1. Restarting in 3 seconds...
Starting media monitor bridge (python)
Media monitor bridge exited with code 1. Restarting in 3 seconds...
Starting media monitor bridge (python)
Media monitor bridge exited with code 1. Restarting in 3 seconds...
Starting media monitor bridge (python)
Media monitor bridge exited with code 1. Restarting in 3 seconds...
Starting media monitor bridge (python)
Media monitor bridge exited with code 1. Restarting in 3 seconds...
Starting media monitor bridge (python)
Media monitor bridge exited with code 1. Restarting in 3 seconds...
Starting media monitor bridge (python)
Media monitor bridge exited with code 1. Restarting in 3 seconds...
Starting media monitor bridge (python)
Media monitor bridge exited with code 1. Restarting in 3 seconds...
Starting media monitor bridge (python)
Media monitor bridge exited with code 1. Restarting in 3 seconds...
Starting media monitor bridge (python)
Media monitor bridge exited with code 1. Restarting in 3 seconds...
Starting media monitor bridge (python)
Media monitor bridge exited with code 1. Restarting in 3 seconds...
Starting media monitor bridge (python)
Media monitor bridge exited with code 1. Restarting in 3 seconds...
Starting media monitor bridge (python)
Media monitor bridge exited with code 1. Restarting in 3 seconds...
Starting media monitor bridge (python)
Media monitor bridge exited with code 1. Restarting in 3 seconds...
Starting media monitor bridge (python)
Media monitor bridge exited with code 1. Restarting in 3 seconds...
Starting media monitor bridge (python)
Media monitor bridge exited with code 1. Restarting in 3 seconds...
Starting media monitor bridge (python)
Media monitor bridge exited with code 1. Restarting in 3 seconds...
Starting media monitor bridge (python)
Media monitor bridge exited with code 1. Restarting in 3 seconds...
Starting media monitor bridge (python)
Media monitor bridge exited with code 1. Restarting in 3 seconds...
Starting media monitor bridge (python)
Media monitor bridge exited with code 1. Restarting in 3 seconds...
Starting media monitor bridge (python)
Media monitor bridge exited with code 1. Restarting in 3 seconds...
Starting media monitor bridge (python)
Media monitor bridge exited with code 1. Restarting in 3 seconds...
Starting media monitor bridge (python)
Media monitor bridge exited with code 1. Restarting in 3 seconds...
Starting media monitor bridge (python)
Media monitor bridge exited with code 1. Restarting in 3 seconds...
Starting media monitor bridge (python)
Media monitor bridge exited with code 1. Restarting in 3 seconds...
Starting media monitor bridge (python)
Media monitor bridge exited with code 1. Restarting in 3 seconds...
Starting media monitor bridge (python)
Media monitor bridge exited with code 1. Restarting in 3 seconds...
Starting media monitor bridge (python)
Media monitor bridge exited with code 1. Restarting in 3 seconds...
Starting media monitor bridge (python)
Media monitor bridge exited with code 1. Restarting in 3 seconds...
Starting media monitor bridge (python)
Media monitor bridge exited with code 1. Restarting in 3 seconds...
Starting media monitor bridge (python)
Media monitor bridge exited with code 1. Restarting in 3 seconds...
Starting media monitor bridge (python)
Media monitor bridge exited with code 1. Restarting in 3 seconds...
WebSocket client disconnected
WebSocket client connected (Dynamic Island)
Starting media monitor bridge (python)
Media monitor bridge exited with code 1. Restarting in 3 seconds...
Starting media monitor bridge (python)
Media monitor bridge exited with code 1. Restarting in 3 seconds...
Starting media monitor bridge (python)
Media monitor bridge exited with code 1. Restarting in 3 seconds...
Starting media monitor bridge (python)
Media monitor bridge exited with code 1. Restarting in 3 seconds...
Starting media monitor bridge (python)
Media monitor bridge exited with code 1. Restarting in 3 seconds...
Starting media monitor bridge (python)
Media monitor bridge exited with code 1. Restarting in 3 seconds...
Starting media monitor bridge (python)
Media monitor bridge exited with code 1. Restarting in 3 seconds...
Starting media monitor bridge (python)
Media monitor bridge exited with code 1. Restarting in 3 seconds...
Starting media monitor bridge (python)
Media monitor bridge exited with code 1. Restarting in 3 seconds...
Starting media monitor bridge (python)
Media monitor bridge exited with code 1. Restarting in 3 seconds...
