◇ injected env (0) from .env // tip: ◈ secrets for agents [www.dotenvx.com]
Connecting to SQLite database at: C:\Users\USER\Desktop\project\Kanaric\tmp-task4-runtime-20260828-run4\task4.sqlite
Starting media monitor bridge (python)
Karaoke Remote Gateway listening on 0.0.0.0:5872
Web Server & WebSocket running on http://localhost:5870
✓ Connected to SQLite database
✓ Added album column to listening_history
✓ Added base_title column to listening_history
Media monitor bridge exited with code 1. Restarting in 3 seconds...
Starting media monitor bridge (python)
Media monitor bridge exited with code 1. Restarting in 3 seconds...
Starting media monitor bridge (python)
Media monitor bridge exited with code 1. Restarting in 3 seconds...
Starting media monitor bridge (python)
Media monitor bridge exited with code 1. Restarting in 3 seconds...
Starting media monitor bridge (python)
Media monitor bridge exited with code 1. Restarting in 3 seconds...
Starting media monitor bridge (python)
Media monitor bridge exited with code 1. Restarting in 3 seconds...
Starting media monitor bridge (python)
Media monitor bridge exited with code 1. Restarting in 3 seconds...
WebSocket client connected (Dynamic Island)
Starting media monitor bridge (python)
Media monitor bridge exited with code 1. Restarting in 3 seconds...
Starting media monitor bridge (python)
Media monitor bridge exited with code 1. Restarting in 3 seconds...
Starting media monitor bridge (python)
Media monitor bridge exited with code 1. Restarting in 3 seconds...
Starting media monitor bridge (python)
Media monitor bridge exited with code 1. Restarting in 3 seconds...
Starting media monitor bridge (python)
Media monitor bridge exited with code 1. Restarting in 3 seconds...
Starting media monitor bridge (python)
Media monitor bridge exited with code 1. Restarting in 3 seconds...
Starting media monitor bridge (python)
Media monitor bridge exited with code 1. Restarting in 3 seconds...
Starting media monitor bridge (python)
Media monitor bridge exited with code 1. Restarting in 3 seconds...
Starting media monitor bridge (python)
Media monitor bridge exited with code 1. Restarting in 3 seconds...
Starting media monitor bridge (python)
Media monitor bridge exited with code 1. Restarting in 3 seconds...
Starting media monitor bridge (python)
Media monitor bridge exited with code 1. Restarting in 3 seconds...
Starting media monitor bridge (python)
Media monitor bridge exited with code 1. Restarting in 3 seconds...
Starting media monitor bridge (python)
Media monitor bridge exited with code 1. Restarting in 3 seconds...
Starting media monitor bridge (python)
Media monitor bridge exited with code 1. Restarting in 3 seconds...
Starting media monitor bridge (python)
Media monitor bridge exited with code 1. Restarting in 3 seconds...
Starting media monitor bridge (python)
Media monitor bridge exited with code 1. Restarting in 3 seconds...
Starting media monitor bridge (python)
Media monitor bridge exited with code 1. Restarting in 3 seconds...
Starting media monitor bridge (python)
Media monitor bridge exited with code 1. Restarting in 3 seconds...
Starting media monitor bridge (python)
Media monitor bridge exited with code 1. Restarting in 3 seconds...
Starting media monitor bridge (python)
Media monitor bridge exited with code 1. Restarting in 3 seconds...
Starting media monitor bridge (python)
Media monitor bridge exited with code 1. Restarting in 3 seconds...
Starting media monitor bridge (python)
Media monitor bridge exited with code 1. Restarting in 3 seconds...
Starting media monitor bridge (python)
Media monitor bridge exited with code 1. Restarting in 3 seconds...
Starting media monitor bridge (python)
Media monitor bridge exited with code 1. Restarting in 3 seconds...
Starting media monitor bridge (python)
Media monitor bridge exited with code 1. Restarting in 3 seconds...
Starting media monitor bridge (python)
Media monitor bridge exited with code 1. Restarting in 3 seconds...
Starting media monitor bridge (python)
Media monitor bridge exited with code 1. Restarting in 3 seconds...
Starting media monitor bridge (python)
Media monitor bridge exited with code 1. Restarting in 3 seconds...
Starting media monitor bridge (python)
Media monitor bridge exited with code 1. Restarting in 3 seconds...
Starting media monitor bridge (python)
Media monitor bridge exited with code 1. Restarting in 3 seconds...
Starting media monitor bridge (python)
Media monitor bridge exited with code 1. Restarting in 3 seconds...
Starting media monitor bridge (python)
Media monitor bridge exited with code 1. Restarting in 3 seconds...
Starting media monitor bridge (python)
Media monitor bridge exited with code 1. Restarting in 3 seconds...
Starting media monitor bridge (python)
Media monitor bridge exited with code 1. Restarting in 3 seconds...
Starting media monitor bridge (python)
Media monitor bridge exited with code 1. Restarting in 3 seconds...
Starting media monitor bridge (python)
Media monitor bridge exited with code 1. Restarting in 3 seconds...
Starting media monitor bridge (python)
Media monitor bridge exited with code 1. Restarting in 3 seconds...
Starting media monitor bridge (python)
Media monitor bridge exited with code 1. Restarting in 3 seconds...
Starting media monitor bridge (python)
Media monitor bridge exited with code 1. Restarting in 3 seconds...
Starting media monitor bridge (python)
Media monitor bridge exited with code 1. Restarting in 3 seconds...
Starting media monitor bridge (python)
Media monitor bridge exited with code 1. Restarting in 3 seconds...
Starting media monitor bridge (python)
Media monitor bridge exited with code 1. Restarting in 3 seconds...
Starting media monitor bridge (python)
Media monitor bridge exited with code 1. Restarting in 3 seconds...
Starting media monitor bridge (python)
Media monitor bridge exited with code 1. Restarting in 3 seconds...
Starting media monitor bridge (python)
Media monitor bridge exited with code 1. Restarting in 3 seconds...
Starting media monitor bridge (python)
Media monitor bridge exited with code 1. Restarting in 3 seconds...
Starting media monitor bridge (python)
Media monitor bridge exited with code 1. Restarting in 3 seconds...
Starting media monitor bridge (python)
Media monitor bridge exited with code 1. Restarting in 3 seconds...
Starting media monitor bridge (python)
Media monitor bridge exited with code 1. Restarting in 3 seconds...
Starting media monitor bridge (python)
Media monitor bridge exited with code 1. Restarting in 3 seconds...
WebSocket client disconnected
WebSocket client connected (Dynamic Island)
Starting media monitor bridge (python)
Media monitor bridge exited with code 1. Restarting in 3 seconds...
Starting media monitor bridge (python)
Media monitor bridge exited with code 1. Restarting in 3 seconds...
Starting media monitor bridge (python)
Media monitor bridge exited with code 1. Restarting in 3 seconds...
