◇ injected env (0) from .env // tip: ⌘ custom filepath { path: '/custom/path/.env' }
Connecting to SQLite database at: C:\Users\USER\Desktop\project\Kanaric\tmp-task5-runtime-20260828-run10\task5.sqlite
Starting media monitor bridge (python)
Karaoke Remote Gateway listening on 0.0.0.0:5721
Web Server & WebSocket running on http://localhost:5920
✓ Connected to SQLite database
✓ Added base_title column to listening_history
✓ Added album column to listening_history
Media monitor bridge exited with code 1. Restarting in 3 seconds...
WebSocket client connected (Dynamic Island)
WebSocket client connected (Dynamic Island)
Starting media monitor bridge (python)
Media monitor bridge exited with code 1. Restarting in 3 seconds...
Starting media monitor bridge (python)
Media monitor bridge exited with code 1. Restarting in 3 seconds...
Starting media monitor bridge (python)
Media monitor bridge exited with code 1. Restarting in 3 seconds...
Starting media monitor bridge (python)
Media monitor bridge exited with code 1. Restarting in 3 seconds...
Starting media monitor bridge (python)
Media monitor bridge exited with code 1. Restarting in 3 seconds...
WebSocket client disconnected
WebSocket client connected (Dynamic Island)
Starting media monitor bridge (python)
WebSocket client disconnected
WebSocket client connected (Dynamic Island)
Media monitor bridge exited with code 1. Restarting in 3 seconds...
Starting media monitor bridge (python)
Media monitor bridge exited with code 1. Restarting in 3 seconds...
Starting media monitor bridge (python)
Media monitor bridge exited with code 1. Restarting in 3 seconds...
Starting media monitor bridge (python)
Media monitor bridge exited with code 1. Restarting in 3 seconds...
Starting media monitor bridge (python)
Media monitor bridge exited with code 1. Restarting in 3 seconds...
Starting media monitor bridge (python)
Media monitor bridge exited with code 1. Restarting in 3 seconds...
Starting media monitor bridge (python)
Media monitor bridge exited with code 1. Restarting in 3 seconds...
Starting media monitor bridge (python)
Media monitor bridge exited with code 1. Restarting in 3 seconds...
Starting media monitor bridge (python)
Media monitor bridge exited with code 1. Restarting in 3 seconds...
Starting media monitor bridge (python)
Media monitor bridge exited with code 1. Restarting in 3 seconds...
Starting media monitor bridge (python)
Media monitor bridge exited with code 1. Restarting in 3 seconds...
Starting media monitor bridge (python)
Media monitor bridge exited with code 1. Restarting in 3 seconds...
Starting media monitor bridge (python)
Media monitor bridge exited with code 1. Restarting in 3 seconds...
Starting media monitor bridge (python)
Media monitor bridge exited with code 1. Restarting in 3 seconds...
Starting media monitor bridge (python)
Media monitor bridge exited with code 1. Restarting in 3 seconds...
Starting media monitor bridge (python)
Media monitor bridge exited with code 1. Restarting in 3 seconds...
Starting media monitor bridge (python)
Media monitor bridge exited with code 1. Restarting in 3 seconds...
Starting media monitor bridge (python)
Media monitor bridge exited with code 1. Restarting in 3 seconds...
Starting media monitor bridge (python)
Media monitor bridge exited with code 1. Restarting in 3 seconds...
Starting media monitor bridge (python)
Media monitor bridge exited with code 1. Restarting in 3 seconds...
Starting media monitor bridge (python)
Media monitor bridge exited with code 1. Restarting in 3 seconds...
Starting media monitor bridge (python)
Media monitor bridge exited with code 1. Restarting in 3 seconds...
Starting media monitor bridge (python)
Media monitor bridge exited with code 1. Restarting in 3 seconds...
Starting media monitor bridge (python)
Media monitor bridge exited with code 1. Restarting in 3 seconds...
Starting media monitor bridge (python)
Media monitor bridge exited with code 1. Restarting in 3 seconds...
Starting media monitor bridge (python)
Media monitor bridge exited with code 1. Restarting in 3 seconds...
Starting media monitor bridge (python)
Media monitor bridge exited with code 1. Restarting in 3 seconds...
Starting media monitor bridge (python)
Media monitor bridge exited with code 1. Restarting in 3 seconds...
Starting media monitor bridge (python)
Media monitor bridge exited with code 1. Restarting in 3 seconds...
Starting media monitor bridge (python)
Media monitor bridge exited with code 1. Restarting in 3 seconds...
Starting media monitor bridge (python)
Media monitor bridge exited with code 1. Restarting in 3 seconds...
Starting media monitor bridge (python)
Media monitor bridge exited with code 1. Restarting in 3 seconds...
Starting media monitor bridge (python)
Media monitor bridge exited with code 1. Restarting in 3 seconds...
Starting media monitor bridge (python)
Media monitor bridge exited with code 1. Restarting in 3 seconds...
WebSocket client disconnected
Starting media monitor bridge (python)
Media monitor bridge exited with code 1. Restarting in 3 seconds...
Starting media monitor bridge (python)
Media monitor bridge exited with code 1. Restarting in 3 seconds...
Starting media monitor bridge (python)
Media monitor bridge exited with code 1. Restarting in 3 seconds...
Starting media monitor bridge (python)
Media monitor bridge exited with code 1. Restarting in 3 seconds...
Starting media monitor bridge (python)
Media monitor bridge exited with code 1. Restarting in 3 seconds...
Starting media monitor bridge (python)
Media monitor bridge exited with code 1. Restarting in 3 seconds...
Starting media monitor bridge (python)
Media monitor bridge exited with code 1. Restarting in 3 seconds...
Starting media monitor bridge (python)
Media monitor bridge exited with code 1. Restarting in 3 seconds...
Starting media monitor bridge (python)
Media monitor bridge exited with code 1. Restarting in 3 seconds...
Starting media monitor bridge (python)
Media monitor bridge exited with code 1. Restarting in 3 seconds...
Starting media monitor bridge (python)
Media monitor bridge exited with code 1. Restarting in 3 seconds...
Starting media monitor bridge (python)
Media monitor bridge exited with code 1. Restarting in 3 seconds...
Starting media monitor bridge (python)
Media monitor bridge exited with code 1. Restarting in 3 seconds...
Starting media monitor bridge (python)
Media monitor bridge exited with code 1. Restarting in 3 seconds...
Starting media monitor bridge (python)
Media monitor bridge exited with code 1. Restarting in 3 seconds...
Starting media monitor bridge (python)
Media monitor bridge exited with code 1. Restarting in 3 seconds...
Starting media monitor bridge (python)
Media monitor bridge exited with code 1. Restarting in 3 seconds...
Starting media monitor bridge (python)
Media monitor bridge exited with code 1. Restarting in 3 seconds...
Starting media monitor bridge (python)
Media monitor bridge exited with code 1. Restarting in 3 seconds...
Starting media monitor bridge (python)
Media monitor bridge exited with code 1. Restarting in 3 seconds...
Starting media monitor bridge (python)
