Media Monitor Error: Traceback (most recent call last):

Media Monitor Error:   File "C:\Users\USER\Desktop\project\Kanaric-karaoke-system-gap-closure\pytools.py", line 294, in <module>
    main()
    ~~~~^^
  File "C:\Users\USER\Desktop\project\Kanaric-karaoke-system-gap-closure\pytools.py", line 35, in main
    asyncio.run(poll_media())
    ~~~~~~~~~~~^^^^^^^^^^^^^^
  File "C:\Users\USER\AppData\Local\Python\pythoncore-3.14-64\Lib\asyncio\runners.py", line 204, in run
    return runner.run(main)
           ~~~~~~~~~~^^^^^^
  File "C:\Users\USER\AppData\Local\Python\pythoncore-3.14-64\Lib\asyncio\runners.py", line 127, in run
    return self._loop.run_until_complete(task)
           ~~~~~~~~~~~~~~~~~~~~~~~~~~~~~^^^^^^
  File "C:\Users\USER\AppData\Local\Python\pythoncore-3.14-64\Lib\asyncio\base_events.py", line 719, in run_until_complete
    return future.result()
           ~~~~~~~~~~~~~^^
  File "C:\Users\USER\Desktop\project\Kanaric-karaoke-system-gap-closure\media_monitor.py", line 71, in poll_media
    sessions = await GlobalSystemMediaTransportControlsSessionManager.request_async()
               ^^^^^^^^^^^^^^^^^^^^^^^^^^^^^^^^^^^^^^^^^^^^^^^^^^^^^^^^^^^^^^^^^^^^^^
  File "C:\Users\USER\Desktop\project\Kanaric\venv\Lib\site-packages\winrt\runtime\_internals.py", line 245, in wait
    return op.get_results()
           ~~~~~~~~~~~~~~^^
OSError: [WinError -2147023836] 指定的服務並不是已安裝的服務。

Media Monitor Error: Traceback (most recent call last):

Media Monitor Error:   File "C:\Users\USER\Desktop\project\Kanaric-karaoke-system-gap-closure\pytools.py", line 294, in <module>
    main()
    ~~~~^^
  File "C:\Users\USER\Desktop\project\Kanaric-karaoke-system-gap-closure\pytools.py", line 35, in main
    asyncio.run(poll_media())
    ~~~~~~~~~~~^^^^^^^^^^^^^^
  File "C:\Users\USER\AppData\Local\Python\pythoncore-3.14-64\Lib\asyncio\runners.py", line 204, in run
    return runner.run(main)
           ~~~~~~~~~~^^^^^^

Media Monitor Error:   File "C:\Users\USER\AppData\Local\Python\pythoncore-3.14-64\Lib\asyncio\runners.py", line 127, in run
    return self._loop.run_until_complete(task)
           ~~~~~~~~~~~~~~~~~~~~~~~~~~~~~^^^^^^
  File "C:\Users\USER\AppData\Local\Python\pythoncore-3.14-64\Lib\asyncio\base_events.py", line 719, in run_until_complete
    return future.result()
           ~~~~~~~~~~~~~^^
  File "C:\Users\USER\Desktop\project\Kanaric-karaoke-system-gap-closure\media_monitor.py", line 71, in poll_media
    sessions = await GlobalSystemMediaTransportControlsSessionManager.request_async()
               ^^^^^^^^^^^^^^^^^^^^^^^^^^^^^^^^^^^^^^^^^^^^^^^^^^^^^^^^^^^^^^^^^^^^^^
  File "C:\Users\USER\Desktop\project\Kanaric\venv\Lib\site-packages\winrt\runtime\_internals.py", line 245, in wait
    return op.get_results()
           ~~~~~~~~~~~~~~^^
OSError: [WinError -2147023836] 指定的服務並不是已安裝的服務。

Media Monitor Error: Traceback (most recent call last):

Media Monitor Error:   File "C:\Users\USER\Desktop\project\Kanaric-karaoke-system-gap-closure\pytools.py", line 294, in <module>
    main()
    ~~~~^^
  File "C:\Users\USER\Desktop\project\Kanaric-karaoke-system-gap-closure\pytools.py", line 35, in main
    asyncio.run(poll_media())
    ~~~~~~~~~~~^^^^^^^^^^^^^^
  File "C:\Users\USER\AppData\Local\Python\pythoncore-3.14-64\Lib\asyncio\runners.py", line 204, in run
    return runner.run(main)
           ~~~~~~~~~~^^^^^^

Media Monitor Error:   File "C:\Users\USER\AppData\Local\Python\pythoncore-3.14-64\Lib\asyncio\runners.py", line 127, in run
    return self._loop.run_until_complete(task)
           ~~~~~~~~~~~~~~~~~~~~~~~~~~~~~^^^^^^
  File "C:\Users\USER\AppData\Local\Python\pythoncore-3.14-64\Lib\asyncio\base_events.py", line 719, in run_until_complete
    return future.result()
           ~~~~~~~~~~~~~^^
  File "C:\Users\USER\Desktop\project\Kanaric-karaoke-system-gap-closure\media_monitor.py", line 71, in poll_media
    sessions = await GlobalSystemMediaTransportControlsSessionManager.request_async()
               ^^^^^^^^^^^^^^^^^^^^^^^^^^^^^^^^^^^^^^^^^^^^^^^^^^^^^^^^^^^^^^^^^^^^^^
  File "C:\Users\USER\Desktop\project\Kanaric\venv\Lib\site-packages\winrt\runtime\_internals.py", line 245, in wait
    return op.get_results()
           ~~~~~~~~~~~~~~^^
OSError: [WinError -2147023836] 指定的服務並不是已安裝的服務。

Media Monitor Error: Traceback (most recent call last):

Media Monitor Error:   File "C:\Users\USER\Desktop\project\Kanaric-karaoke-system-gap-closure\pytools.py", line 294, in <module>
    main()
    ~~~~^^
  File "C:\Users\USER\Desktop\project\Kanaric-karaoke-system-gap-closure\pytools.py", line 35, in main
    asyncio.run(poll_media())
    ~~~~~~~~~~~^^^^^^^^^^^^^^

Media Monitor Error:   File "C:\Users\USER\AppData\Local\Python\pythoncore-3.14-64\Lib\asyncio\runners.py", line 204, in run
    return runner.run(main)
           ~~~~~~~~~~^^^^^^
  File "C:\Users\USER\AppData\Local\Python\pythoncore-3.14-64\Lib\asyncio\runners.py", line 127, in run
    return self._loop.run_until_complete(task)
           ~~~~~~~~~~~~~~~~~~~~~~~~~~~~~^^^^^^
  File "C:\Users\USER\AppData\Local\Python\pythoncore-3.14-64\Lib\asyncio\base_events.py", line 719, in run_until_complete
    return future.result()
           ~~~~~~~~~~~~~^^
  File "C:\Users\USER\Desktop\project\Kanaric-karaoke-system-gap-closure\media_monitor.py", line 71, in poll_media
    sessions = await GlobalSystemMediaTransportControlsSessionManager.request_async()
               ^^^^^^^^^^^^^^^^^^^^^^^^^^^^^^^^^^^^^^^^^^^^^^^^^^^^^^^^^^^^^^^^^^^^^^
  File "C:\Users\USER\Desktop\project\Kanaric\venv\Lib\site-packages\winrt\runtime\_internals.py", line 245, in wait
    return op.get_results()
           ~~~~~~~~~~~~~~^^
OSError: [WinError -2147023836] 指定的服務並不是已安裝的服務。

Media Monitor Error: Traceback (most recent call last):

Media Monitor Error:   File "C:\Users\USER\Desktop\project\Kanaric-karaoke-system-gap-closure\pytools.py", line 294, in <module>
    main()
    ~~~~^^
  File "C:\Users\USER\Desktop\project\Kanaric-karaoke-system-gap-closure\pytools.py", line 35, in main
    asyncio.run(poll_media())
    ~~~~~~~~~~~^^^^^^^^^^^^^^
  File "C:\Users\USER\AppData\Local\Python\pythoncore-3.14-64\Lib\asyncio\runners.py", line 204, in run
    return runner.run(main)
           ~~~~~~~~~~^^^^^^

Media Monitor Error:   File "C:\Users\USER\AppData\Local\Python\pythoncore-3.14-64\Lib\asyncio\runners.py", line 127, in run
    return self._loop.run_until_complete(task)
           ~~~~~~~~~~~~~~~~~~~~~~~~~~~~~^^^^^^
  File "C:\Users\USER\AppData\Local\Python\pythoncore-3.14-64\Lib\asyncio\base_events.py", line 719, in run_until_complete
    return future.result()
           ~~~~~~~~~~~~~^^
  File "C:\Users\USER\Desktop\project\Kanaric-karaoke-system-gap-closure\media_monitor.py", line 71, in poll_media
    sessions = await GlobalSystemMediaTransportControlsSessionManager.request_async()
               ^^^^^^^^^^^^^^^^^^^^^^^^^^^^^^^^^^^^^^^^^^^^^^^^^^^^^^^^^^^^^^^^^^^^^^
  File "C:\Users\USER\Desktop\project\Kanaric\venv\Lib\site-packages\winrt\runtime\_internals.py", line 245, in wait
    return op.get_results()
           ~~~~~~~~~~~~~~^^
OSError: [WinError -2147023836] 指定的服務並不是已安裝的服務。

Media Monitor Error: Traceback (most recent call last):

Media Monitor Error:   File "C:\Users\USER\Desktop\project\Kanaric-karaoke-system-gap-closure\pytools.py", line 294, in <module>
    main()
    ~~~~^^
  File "C:\Users\USER\Desktop\project\Kanaric-karaoke-system-gap-closure\pytools.py", line 35, in main
    asyncio.run(poll_media())
    ~~~~~~~~~~~^^^^^^^^^^^^^^
  File "C:\Users\USER\AppData\Local\Python\pythoncore-3.14-64\Lib\asyncio\runners.py", line 204, in run
    return runner.run(main)
           ~~~~~~~~~~^^^^^^

Media Monitor Error:   File "C:\Users\USER\AppData\Local\Python\pythoncore-3.14-64\Lib\asyncio\runners.py", line 127, in run
    return self._loop.run_until_complete(task)
           ~~~~~~~~~~~~~~~~~~~~~~~~~~~~~^^^^^^
  File "C:\Users\USER\AppData\Local\Python\pythoncore-3.14-64\Lib\asyncio\base_events.py", line 719, in run_until_complete
    return future.result()
           ~~~~~~~~~~~~~^^
  File "C:\Users\USER\Desktop\project\Kanaric-karaoke-system-gap-closure\media_monitor.py", line 71, in poll_media
    sessions = await GlobalSystemMediaTransportControlsSessionManager.request_async()
               ^^^^^^^^^^^^^^^^^^^^^^^^^^^^^^^^^^^^^^^^^^^^^^^^^^^^^^^^^^^^^^^^^^^^^^
  File "C:\Users\USER\Desktop\project\Kanaric\venv\Lib\site-packages\winrt\runtime\_internals.py", line 245, in wait
    return op.get_results()
           ~~~~~~~~~~~~~~^^
OSError: [WinError -2147023836] 指定的服務並不是已安裝的服務。

Media Monitor Error: Traceback (most recent call last):

Media Monitor Error:   File "C:\Users\USER\Desktop\project\Kanaric-karaoke-system-gap-closure\pytools.py", line 294, in <module>
    main()
    ~~~~^^
  File "C:\Users\USER\Desktop\project\Kanaric-karaoke-system-gap-closure\pytools.py", line 35, in main
    asyncio.run(poll_media())
    ~~~~~~~~~~~^^^^^^^^^^^^^^
  File "C:\Users\USER\AppData\Local\Python\pythoncore-3.14-64\Lib\asyncio\runners.py", line 204, in run
    return runner.run(main)
           ~~~~~~~~~~^^^^^^

Media Monitor Error:   File "C:\Users\USER\AppData\Local\Python\pythoncore-3.14-64\Lib\asyncio\runners.py", line 127, in run
    return self._loop.run_until_complete(task)
           ~~~~~~~~~~~~~~~~~~~~~~~~~~~~~^^^^^^
  File "C:\Users\USER\AppData\Local\Python\pythoncore-3.14-64\Lib\asyncio\base_events.py", line 719, in run_until_complete
    return future.result()
           ~~~~~~~~~~~~~^^
  File "C:\Users\USER\Desktop\project\Kanaric-karaoke-system-gap-closure\media_monitor.py", line 71, in poll_media
    sessions = await GlobalSystemMediaTransportControlsSessionManager.request_async()
               ^^^^^^^^^^^^^^^^^^^^^^^^^^^^^^^^^^^^^^^^^^^^^^^^^^^^^^^^^^^^^^^^^^^^^^
  File "C:\Users\USER\Desktop\project\Kanaric\venv\Lib\site-packages\winrt\runtime\_internals.py", line 245, in wait
    return op.get_results()
           ~~~~~~~~~~~~~~^^
OSError: [WinError -2147023836] 指定的服務並不是已安裝的服務。

Media Monitor Error: Traceback (most recent call last):

Media Monitor Error:   File "C:\Users\USER\Desktop\project\Kanaric-karaoke-system-gap-closure\pytools.py", line 294, in <module>
    main()
    ~~~~^^
  File "C:\Users\USER\Desktop\project\Kanaric-karaoke-system-gap-closure\pytools.py", line 35, in main
    asyncio.run(poll_media())
    ~~~~~~~~~~~^^^^^^^^^^^^^^
  File "C:\Users\USER\AppData\Local\Python\pythoncore-3.14-64\Lib\asyncio\runners.py", line 204, in run
    return runner.run(main)
           ~~~~~~~~~~^^^^^^

Media Monitor Error:   File "C:\Users\USER\AppData\Local\Python\pythoncore-3.14-64\Lib\asyncio\runners.py", line 127, in run
    return self._loop.run_until_complete(task)
           ~~~~~~~~~~~~~~~~~~~~~~~~~~~~~^^^^^^
  File "C:\Users\USER\AppData\Local\Python\pythoncore-3.14-64\Lib\asyncio\base_events.py", line 719, in run_until_complete
    return future.result()
           ~~~~~~~~~~~~~^^
  File "C:\Users\USER\Desktop\project\Kanaric-karaoke-system-gap-closure\media_monitor.py", line 71, in poll_media
    sessions = await GlobalSystemMediaTransportControlsSessionManager.request_async()
               ^^^^^^^^^^^^^^^^^^^^^^^^^^^^^^^^^^^^^^^^^^^^^^^^^^^^^^^^^^^^^^^^^^^^^^
  File "C:\Users\USER\Desktop\project\Kanaric\venv\Lib\site-packages\winrt\runtime\_internals.py", line 245, in wait
    return op.get_results()
           ~~~~~~~~~~~~~~^^
OSError: [WinError -2147023836] 指定的服務並不是已安裝的服務。

Media Monitor Error: Traceback (most recent call last):

Media Monitor Error:   File "C:\Users\USER\Desktop\project\Kanaric-karaoke-system-gap-closure\pytools.py", line 294, in <module>
    main()
    ~~~~^^
  File "C:\Users\USER\Desktop\project\Kanaric-karaoke-system-gap-closure\pytools.py", line 35, in main
    asyncio.run(poll_media())
    ~~~~~~~~~~~^^^^^^^^^^^^^^
  File "C:\Users\USER\AppData\Local\Python\pythoncore-3.14-64\Lib\asyncio\runners.py", line 204, in run
    return runner.run(main)
           ~~~~~~~~~~^^^^^^

Media Monitor Error:   File "C:\Users\USER\AppData\Local\Python\pythoncore-3.14-64\Lib\asyncio\runners.py", line 127, in run
    return self._loop.run_until_complete(task)
           ~~~~~~~~~~~~~~~~~~~~~~~~~~~~~^^^^^^
  File "C:\Users\USER\AppData\Local\Python\pythoncore-3.14-64\Lib\asyncio\base_events.py", line 719, in run_until_complete
    return future.result()
           ~~~~~~~~~~~~~^^
  File "C:\Users\USER\Desktop\project\Kanaric-karaoke-system-gap-closure\media_monitor.py", line 71, in poll_media
    sessions = await GlobalSystemMediaTransportControlsSessionManager.request_async()
               ^^^^^^^^^^^^^^^^^^^^^^^^^^^^^^^^^^^^^^^^^^^^^^^^^^^^^^^^^^^^^^^^^^^^^^
  File "C:\Users\USER\Desktop\project\Kanaric\venv\Lib\site-packages\winrt\runtime\_internals.py", line 245, in wait
    return op.get_results()
           ~~~~~~~~~~~~~~^^
OSError: [WinError -2147023836] 指定的服務並不是已安裝的服務。

Media Monitor Error: Traceback (most recent call last):

Media Monitor Error:   File "C:\Users\USER\Desktop\project\Kanaric-karaoke-system-gap-closure\pytools.py", line 294, in <module>
    main()
    ~~~~^^
  File "C:\Users\USER\Desktop\project\Kanaric-karaoke-system-gap-closure\pytools.py", line 35, in main
    asyncio.run(poll_media())
    ~~~~~~~~~~~^^^^^^^^^^^^^^
  File "C:\Users\USER\AppData\Local\Python\pythoncore-3.14-64\Lib\asyncio\runners.py", line 204, in run
    return runner.run(main)
           ~~~~~~~~~~^^^^^^
  File "C:\Users\USER\AppData\Local\Python\pythoncore-3.14-64\Lib\asyncio\runners.py", line 127, in run
    return self._loop.run_until_complete(task)
           ~~~~~~~~~~~~~~~~~~~~~~~~~~~~~^^^^^^

Media Monitor Error:   File "C:\Users\USER\AppData\Local\Python\pythoncore-3.14-64\Lib\asyncio\base_events.py", line 719, in run_until_complete
    return future.result()
           ~~~~~~~~~~~~~^^
  File "C:\Users\USER\Desktop\project\Kanaric-karaoke-system-gap-closure\media_monitor.py", line 71, in poll_media
    sessions = await GlobalSystemMediaTransportControlsSessionManager.request_async()
               ^^^^^^^^^^^^^^^^^^^^^^^^^^^^^^^^^^^^^^^^^^^^^^^^^^^^^^^^^^^^^^^^^^^^^^
  File "C:\Users\USER\Desktop\project\Kanaric\venv\Lib\site-packages\winrt\runtime\_internals.py", line 245, in wait
    return op.get_results()
           ~~~~~~~~~~~~~~^^
OSError: [WinError -2147023836] 指定的服務並不是已安裝的服務。

Media Monitor Error: Traceback (most recent call last):

Media Monitor Error:   File "C:\Users\USER\Desktop\project\Kanaric-karaoke-system-gap-closure\pytools.py", line 294, in <module>
    main()
    ~~~~^^
  File "C:\Users\USER\Desktop\project\Kanaric-karaoke-system-gap-closure\pytools.py", line 35, in main
    asyncio.run(poll_media())
    ~~~~~~~~~~~^^^^^^^^^^^^^^
  File "C:\Users\USER\AppData\Local\Python\pythoncore-3.14-64\Lib\asyncio\runners.py", line 204, in run
    return runner.run(main)
           ~~~~~~~~~~^^^^^^

Media Monitor Error:   File "C:\Users\USER\AppData\Local\Python\pythoncore-3.14-64\Lib\asyncio\runners.py", line 127, in run
    return self._loop.run_until_complete(task)
           ~~~~~~~~~~~~~~~~~~~~~~~~~~~~~^^^^^^
  File "C:\Users\USER\AppData\Local\Python\pythoncore-3.14-64\Lib\asyncio\base_events.py", line 719, in run_until_complete
    return future.result()
           ~~~~~~~~~~~~~^^
  File "C:\Users\USER\Desktop\project\Kanaric-karaoke-system-gap-closure\media_monitor.py", line 71, in poll_media
    sessions = await GlobalSystemMediaTransportControlsSessionManager.request_async()
               ^^^^^^^^^^^^^^^^^^^^^^^^^^^^^^^^^^^^^^^^^^^^^^^^^^^^^^^^^^^^^^^^^^^^^^
  File "C:\Users\USER\Desktop\project\Kanaric\venv\Lib\site-packages\winrt\runtime\_internals.py", line 245, in wait
    return op.get_results()
           ~~~~~~~~~~~~~~^^
OSError: [WinError -2147023836] 指定的服務並不是已安裝的服務。

Media Monitor Error: Traceback (most recent call last):

Media Monitor Error:   File "C:\Users\USER\Desktop\project\Kanaric-karaoke-system-gap-closure\pytools.py", line 294, in <module>
    main()
    ~~~~^^
  File "C:\Users\USER\Desktop\project\Kanaric-karaoke-system-gap-closure\pytools.py", line 35, in main
    asyncio.run(poll_media())
    ~~~~~~~~~~~^^^^^^^^^^^^^^
  File "C:\Users\USER\AppData\Local\Python\pythoncore-3.14-64\Lib\asyncio\runners.py", line 204, in run
    return runner.run(main)
           ~~~~~~~~~~^^^^^^
  File "C:\Users\USER\AppData\Local\Python\pythoncore-3.14-64\Lib\asyncio\runners.py", line 127, in run
    return self._loop.run_until_complete(task)
           ~~~~~~~~~~~~~~~~~~~~~~~~~~~~~^^^^^^
  File "C:\Users\USER\AppData\Local\Python\pythoncore-3.14-64\Lib\asyncio\base_events.py", line 719, in run_until_complete
    return future.result()
           ~~~~~~~~~~~~~^^

Media Monitor Error:   File "C:\Users\USER\Desktop\project\Kanaric-karaoke-system-gap-closure\media_monitor.py", line 71, in poll_media
    sessions = await GlobalSystemMediaTransportControlsSessionManager.request_async()
               ^^^^^^^^^^^^^^^^^^^^^^^^^^^^^^^^^^^^^^^^^^^^^^^^^^^^^^^^^^^^^^^^^^^^^^
  File "C:\Users\USER\Desktop\project\Kanaric\venv\Lib\site-packages\winrt\runtime\_internals.py", line 245, in wait
    return op.get_results()
           ~~~~~~~~~~~~~~^^
OSError: [WinError -2147023836] 指定的服務並不是已安裝的服務。

Media Monitor Error: Traceback (most recent call last):

Media Monitor Error:   File "C:\Users\USER\Desktop\project\Kanaric-karaoke-system-gap-closure\pytools.py", line 294, in <module>
    main()
    ~~~~^^
  File "C:\Users\USER\Desktop\project\Kanaric-karaoke-system-gap-closure\pytools.py", line 35, in main
    asyncio.run(poll_media())
    ~~~~~~~~~~~^^^^^^^^^^^^^^

Media Monitor Error:   File "C:\Users\USER\AppData\Local\Python\pythoncore-3.14-64\Lib\asyncio\runners.py", line 204, in run
    return runner.run(main)
           ~~~~~~~~~~^^^^^^
  File "C:\Users\USER\AppData\Local\Python\pythoncore-3.14-64\Lib\asyncio\runners.py", line 127, in run
    return self._loop.run_until_complete(task)
           ~~~~~~~~~~~~~~~~~~~~~~~~~~~~~^^^^^^
  File "C:\Users\USER\AppData\Local\Python\pythoncore-3.14-64\Lib\asyncio\base_events.py", line 719, in run_until_complete
    return future.result()
           ~~~~~~~~~~~~~^^
  File "C:\Users\USER\Desktop\project\Kanaric-karaoke-system-gap-closure\media_monitor.py", line 71, in poll_media
    sessions = await GlobalSystemMediaTransportControlsSessionManager.request_async()
               ^^^^^^^^^^^^^^^^^^^^^^^^^^^^^^^^^^^^^^^^^^^^^^^^^^^^^^^^^^^^^^^^^^^^^^
  File "C:\Users\USER\Desktop\project\Kanaric\venv\Lib\site-packages\winrt\runtime\_internals.py", line 245, in wait
    return op.get_results()
           ~~~~~~~~~~~~~~^^
OSError: [WinError -2147023836] 指定的服務並不是已安裝的服務。

Media Monitor Error: Traceback (most recent call last):

Media Monitor Error:   File "C:\Users\USER\Desktop\project\Kanaric-karaoke-system-gap-closure\pytools.py", line 294, in <module>
    main()
    ~~~~^^
  File "C:\Users\USER\Desktop\project\Kanaric-karaoke-system-gap-closure\pytools.py", line 35, in main
    asyncio.run(poll_media())
    ~~~~~~~~~~~^^^^^^^^^^^^^^
  File "C:\Users\USER\AppData\Local\Python\pythoncore-3.14-64\Lib\asyncio\runners.py", line 204, in run
    return runner.run(main)
           ~~~~~~~~~~^^^^^^

Media Monitor Error:   File "C:\Users\USER\AppData\Local\Python\pythoncore-3.14-64\Lib\asyncio\runners.py", line 127, in run
    return self._loop.run_until_complete(task)
           ~~~~~~~~~~~~~~~~~~~~~~~~~~~~~^^^^^^
  File "C:\Users\USER\AppData\Local\Python\pythoncore-3.14-64\Lib\asyncio\base_events.py", line 719, in run_until_complete
    return future.result()
           ~~~~~~~~~~~~~^^
  File "C:\Users\USER\Desktop\project\Kanaric-karaoke-system-gap-closure\media_monitor.py", line 71, in poll_media
    sessions = await GlobalSystemMediaTransportControlsSessionManager.request_async()
               ^^^^^^^^^^^^^^^^^^^^^^^^^^^^^^^^^^^^^^^^^^^^^^^^^^^^^^^^^^^^^^^^^^^^^^
  File "C:\Users\USER\Desktop\project\Kanaric\venv\Lib\site-packages\winrt\runtime\_internals.py", line 245, in wait
    return op.get_results()
           ~~~~~~~~~~~~~~^^
OSError: [WinError -2147023836] 指定的服務並不是已安裝的服務。

Media Monitor Error: Traceback (most recent call last):

Media Monitor Error:   File "C:\Users\USER\Desktop\project\Kanaric-karaoke-system-gap-closure\pytools.py", line 294, in <module>
    main()
    ~~~~^^
  File "C:\Users\USER\Desktop\project\Kanaric-karaoke-system-gap-closure\pytools.py", line 35, in main
    asyncio.run(poll_media())
    ~~~~~~~~~~~^^^^^^^^^^^^^^
  File "C:\Users\USER\AppData\Local\Python\pythoncore-3.14-64\Lib\asyncio\runners.py", line 204, in run
    return runner.run(main)
           ~~~~~~~~~~^^^^^^

Media Monitor Error:   File "C:\Users\USER\AppData\Local\Python\pythoncore-3.14-64\Lib\asyncio\runners.py", line 127, in run
    return self._loop.run_until_complete(task)
           ~~~~~~~~~~~~~~~~~~~~~~~~~~~~~^^^^^^
  File "C:\Users\USER\AppData\Local\Python\pythoncore-3.14-64\Lib\asyncio\base_events.py", line 719, in run_until_complete
    return future.result()
           ~~~~~~~~~~~~~^^
  File "C:\Users\USER\Desktop\project\Kanaric-karaoke-system-gap-closure\media_monitor.py", line 71, in poll_media
    sessions = await GlobalSystemMediaTransportControlsSessionManager.request_async()
               ^^^^^^^^^^^^^^^^^^^^^^^^^^^^^^^^^^^^^^^^^^^^^^^^^^^^^^^^^^^^^^^^^^^^^^
  File "C:\Users\USER\Desktop\project\Kanaric\venv\Lib\site-packages\winrt\runtime\_internals.py", line 245, in wait
    return op.get_results()
           ~~~~~~~~~~~~~~^^
OSError: [WinError -2147023836] 指定的服務並不是已安裝的服務。

Media Monitor Error: Traceback (most recent call last):

Media Monitor Error:   File "C:\Users\USER\Desktop\project\Kanaric-karaoke-system-gap-closure\pytools.py", line 294, in <module>
    main()
    ~~~~^^
  File "C:\Users\USER\Desktop\project\Kanaric-karaoke-system-gap-closure\pytools.py", line 35, in main
    asyncio.run(poll_media())
    ~~~~~~~~~~~^^^^^^^^^^^^^^
  File "C:\Users\USER\AppData\Local\Python\pythoncore-3.14-64\Lib\asyncio\runners.py", line 204, in run
    return runner.run(main)
           ~~~~~~~~~~^^^^^^

Media Monitor Error:   File "C:\Users\USER\AppData\Local\Python\pythoncore-3.14-64\Lib\asyncio\runners.py", line 127, in run
    return self._loop.run_until_complete(task)
           ~~~~~~~~~~~~~~~~~~~~~~~~~~~~~^^^^^^
  File "C:\Users\USER\AppData\Local\Python\pythoncore-3.14-64\Lib\asyncio\base_events.py", line 719, in run_until_complete
    return future.result()
           ~~~~~~~~~~~~~^^
  File "C:\Users\USER\Desktop\project\Kanaric-karaoke-system-gap-closure\media_monitor.py", line 71, in poll_media
    sessions = await GlobalSystemMediaTransportControlsSessionManager.request_async()
               ^^^^^^^^^^^^^^^^^^^^^^^^^^^^^^^^^^^^^^^^^^^^^^^^^^^^^^^^^^^^^^^^^^^^^^
  File "C:\Users\USER\Desktop\project\Kanaric\venv\Lib\site-packages\winrt\runtime\_internals.py", line 245, in wait
    return op.get_results()
           ~~~~~~~~~~~~~~^^
OSError: [WinError -2147023836] 指定的服務並不是已安裝的服務。

Media Monitor Error: Traceback (most recent call last):

Media Monitor Error:   File "C:\Users\USER\Desktop\project\Kanaric-karaoke-system-gap-closure\pytools.py", line 294, in <module>
    main()
    ~~~~^^
  File "C:\Users\USER\Desktop\project\Kanaric-karaoke-system-gap-closure\pytools.py", line 35, in main
    asyncio.run(poll_media())
    ~~~~~~~~~~~^^^^^^^^^^^^^^
  File "C:\Users\USER\AppData\Local\Python\pythoncore-3.14-64\Lib\asyncio\runners.py", line 204, in run
    return runner.run(main)
           ~~~~~~~~~~^^^^^^
  File "C:\Users\USER\AppData\Local\Python\pythoncore-3.14-64\Lib\asyncio\runners.py", line 127, in run
    return self._loop.run_until_complete(task)
           ~~~~~~~~~~~~~~~~~~~~~~~~~~~~~^^^^^^
  File "C:\Users\USER\AppData\Local\Python\pythoncore-3.14-64\Lib\asyncio\base_events.py", line 719, in run_until_complete
    return future.result()
           ~~~~~~~~~~~~~^^
  File "C:\Users\USER\Desktop\project\Kanaric-karaoke-system-gap-closure\media_monitor.py", line 71, in poll_media
    sessions = await GlobalSystemMediaTransportControlsSessionManager.request_async()
               ^^^^^^^^^^^^^^^^^^^^^^^^^^^^^^^^^^^^^^^^^^^^^^^^^^^^^^^^^^^^^^^^^^^^^^
  File "C:\Users\USER\Desktop\project\Kanaric\venv\Lib\site-packages\winrt\runtime\_internals.py", line 245, in wait
    return op.get_results()
           ~~~~~~~~~~~~~~^^
OSError: [WinError -2147023836] 指定的服務並不是已安裝的服務。

Media Monitor Error: Traceback (most recent call last):

Media Monitor Error:   File "C:\Users\USER\Desktop\project\Kanaric-karaoke-system-gap-closure\pytools.py", line 294, in <module>
    main()
    ~~~~^^
  File "C:\Users\USER\Desktop\project\Kanaric-karaoke-system-gap-closure\pytools.py", line 35, in main
    asyncio.run(poll_media())
    ~~~~~~~~~~~^^^^^^^^^^^^^^
  File "C:\Users\USER\AppData\Local\Python\pythoncore-3.14-64\Lib\asyncio\runners.py", line 204, in run
    return runner.run(main)
           ~~~~~~~~~~^^^^^^
  File "C:\Users\USER\AppData\Local\Python\pythoncore-3.14-64\Lib\asyncio\runners.py", line 127, in run
    return self._loop.run_until_complete(task)
           ~~~~~~~~~~~~~~~~~~~~~~~~~~~~~^^^^^^
  File "C:\Users\USER\AppData\Local\Python\pythoncore-3.14-64\Lib\asyncio\base_events.py", line 719, in run_until_complete
    return future.result()
           ~~~~~~~~~~~~~^^
  File "C:\Users\USER\Desktop\project\Kanaric-karaoke-system-gap-closure\media_monitor.py", line 71, in poll_media
    sessions = await GlobalSystemMediaTransportControlsSessionManager.request_async()
               ^^^^^^^^^^^^^^^^^^^^^^^^^^^^^^^^^^^^^^^^^^^^^^^^^^^^^^^^^^^^^^^^^^^^^^
  File "C:\Users\USER\Desktop\project\Kanaric\venv\Lib\site-packages\winrt\runtime\_internals.py", line 245, in wait
    return op.get_results()
           ~~~~~~~~~~~~~~^^
OSError: [WinError -2147023836] 指定的服務並不是已安裝的服務。

Media Monitor Error: Traceback (most recent call last):

Media Monitor Error:   File "C:\Users\USER\Desktop\project\Kanaric-karaoke-system-gap-closure\pytools.py", line 294, in <module>
    main()
    ~~~~^^
  File "C:\Users\USER\Desktop\project\Kanaric-karaoke-system-gap-closure\pytools.py", line 35, in main
    asyncio.run(poll_media())
    ~~~~~~~~~~~^^^^^^^^^^^^^^
  File "C:\Users\USER\AppData\Local\Python\pythoncore-3.14-64\Lib\asyncio\runners.py", line 204, in run
    return runner.run(main)
           ~~~~~~~~~~^^^^^^
  File "C:\Users\USER\AppData\Local\Python\pythoncore-3.14-64\Lib\asyncio\runners.py", line 127, in run
    return self._loop.run_until_complete(task)
           ~~~~~~~~~~~~~~~~~~~~~~~~~~~~~^^^^^^
  File "C:\Users\USER\AppData\Local\Python\pythoncore-3.14-64\Lib\asyncio\base_events.py", line 719, in run_until_complete
    return future.result()
           ~~~~~~~~~~~~~^^
  File "C:\Users\USER\Desktop\project\Kanaric-karaoke-system-gap-closure\media_monitor.py", line 71, in poll_media
    sessions = await GlobalSystemMediaTransportControlsSessionManager.request_async()
               ^^^^^^^^^^^^^^^^^^^^^^^^^^^^^^^^^^^^^^^^^^^^^^^^^^^^^^^^^^^^^^^^^^^^^^
  File "C:\Users\USER\Desktop\project\Kanaric\venv\Lib\site-packages\winrt\runtime\_internals.py", line 245, in wait
    return op.get_results()
           ~~~~~~~~~~~~~~^^
OSError: [WinError -2147023836] 指定的服務並不是已安裝的服務。

Media Monitor Error: Traceback (most recent call last):

Media Monitor Error:   File "C:\Users\USER\Desktop\project\Kanaric-karaoke-system-gap-closure\pytools.py", line 294, in <module>
    main()
    ~~~~^^
  File "C:\Users\USER\Desktop\project\Kanaric-karaoke-system-gap-closure\pytools.py", line 35, in main
    asyncio.run(poll_media())
    ~~~~~~~~~~~^^^^^^^^^^^^^^
  File "C:\Users\USER\AppData\Local\Python\pythoncore-3.14-64\Lib\asyncio\runners.py", line 204, in run
    return runner.run(main)
           ~~~~~~~~~~^^^^^^
  File "C:\Users\USER\AppData\Local\Python\pythoncore-3.14-64\Lib\asyncio\runners.py", line 127, in run
    return self._loop.run_until_complete(task)
           ~~~~~~~~~~~~~~~~~~~~~~~~~~~~~^^^^^^

Media Monitor Error:   File "C:\Users\USER\AppData\Local\Python\pythoncore-3.14-64\Lib\asyncio\base_events.py", line 719, in run_until_complete
    return future.result()
           ~~~~~~~~~~~~~^^
  File "C:\Users\USER\Desktop\project\Kanaric-karaoke-system-gap-closure\media_monitor.py", line 71, in poll_media
    sessions = await GlobalSystemMediaTransportControlsSessionManager.request_async()
               ^^^^^^^^^^^^^^^^^^^^^^^^^^^^^^^^^^^^^^^^^^^^^^^^^^^^^^^^^^^^^^^^^^^^^^
  File "C:\Users\USER\Desktop\project\Kanaric\venv\Lib\site-packages\winrt\runtime\_internals.py", line 245, in wait
    return op.get_results()
           ~~~~~~~~~~~~~~^^
OSError: [WinError -2147023836] 指定的服務並不是已安裝的服務。

Media Monitor Error: Traceback (most recent call last):

Media Monitor Error:   File "C:\Users\USER\Desktop\project\Kanaric-karaoke-system-gap-closure\pytools.py", line 294, in <module>
    main()
    ~~~~^^
  File "C:\Users\USER\Desktop\project\Kanaric-karaoke-system-gap-closure\pytools.py", line 35, in main
    asyncio.run(poll_media())
    ~~~~~~~~~~~^^^^^^^^^^^^^^
  File "C:\Users\USER\AppData\Local\Python\pythoncore-3.14-64\Lib\asyncio\runners.py", line 204, in run
    return runner.run(main)
           ~~~~~~~~~~^^^^^^

Media Monitor Error:   File "C:\Users\USER\AppData\Local\Python\pythoncore-3.14-64\Lib\asyncio\runners.py", line 127, in run
    return self._loop.run_until_complete(task)
           ~~~~~~~~~~~~~~~~~~~~~~~~~~~~~^^^^^^
  File "C:\Users\USER\AppData\Local\Python\pythoncore-3.14-64\Lib\asyncio\base_events.py", line 719, in run_until_complete
    return future.result()
           ~~~~~~~~~~~~~^^
  File "C:\Users\USER\Desktop\project\Kanaric-karaoke-system-gap-closure\media_monitor.py", line 71, in poll_media
    sessions = await GlobalSystemMediaTransportControlsSessionManager.request_async()
               ^^^^^^^^^^^^^^^^^^^^^^^^^^^^^^^^^^^^^^^^^^^^^^^^^^^^^^^^^^^^^^^^^^^^^^
  File "C:\Users\USER\Desktop\project\Kanaric\venv\Lib\site-packages\winrt\runtime\_internals.py", line 245, in wait
    return op.get_results()
           ~~~~~~~~~~~~~~^^
OSError: [WinError -2147023836] 指定的服務並不是已安裝的服務。

Media Monitor Error: Traceback (most recent call last):

Media Monitor Error:   File "C:\Users\USER\Desktop\project\Kanaric-karaoke-system-gap-closure\pytools.py", line 294, in <module>
    main()
    ~~~~^^
  File "C:\Users\USER\Desktop\project\Kanaric-karaoke-system-gap-closure\pytools.py", line 35, in main
    asyncio.run(poll_media())
    ~~~~~~~~~~~^^^^^^^^^^^^^^
  File "C:\Users\USER\AppData\Local\Python\pythoncore-3.14-64\Lib\asyncio\runners.py", line 204, in run
    return runner.run(main)
           ~~~~~~~~~~^^^^^^

Media Monitor Error:   File "C:\Users\USER\AppData\Local\Python\pythoncore-3.14-64\Lib\asyncio\runners.py", line 127, in run
    return self._loop.run_until_complete(task)
           ~~~~~~~~~~~~~~~~~~~~~~~~~~~~~^^^^^^
  File "C:\Users\USER\AppData\Local\Python\pythoncore-3.14-64\Lib\asyncio\base_events.py", line 719, in run_until_complete
    return future.result()
           ~~~~~~~~~~~~~^^
  File "C:\Users\USER\Desktop\project\Kanaric-karaoke-system-gap-closure\media_monitor.py", line 71, in poll_media
    sessions = await GlobalSystemMediaTransportControlsSessionManager.request_async()
               ^^^^^^^^^^^^^^^^^^^^^^^^^^^^^^^^^^^^^^^^^^^^^^^^^^^^^^^^^^^^^^^^^^^^^^
  File "C:\Users\USER\Desktop\project\Kanaric\venv\Lib\site-packages\winrt\runtime\_internals.py", line 245, in wait
    return op.get_results()
           ~~~~~~~~~~~~~~^^
OSError: [WinError -2147023836] 指定的服務並不是已安裝的服務。

Media Monitor Error: Traceback (most recent call last):

Media Monitor Error:   File "C:\Users\USER\Desktop\project\Kanaric-karaoke-system-gap-closure\pytools.py", line 294, in <module>
    main()
    ~~~~^^
  File "C:\Users\USER\Desktop\project\Kanaric-karaoke-system-gap-closure\pytools.py", line 35, in main
    asyncio.run(poll_media())
    ~~~~~~~~~~~^^^^^^^^^^^^^^
  File "C:\Users\USER\AppData\Local\Python\pythoncore-3.14-64\Lib\asyncio\runners.py", line 204, in run
    return runner.run(main)
           ~~~~~~~~~~^^^^^^
  File "C:\Users\USER\AppData\Local\Python\pythoncore-3.14-64\Lib\asyncio\runners.py", line 127, in run
    return self._loop.run_until_complete(task)
           ~~~~~~~~~~~~~~~~~~~~~~~~~~~~~^^^^^^
  File "C:\Users\USER\AppData\Local\Python\pythoncore-3.14-64\Lib\asyncio\base_events.py", line 719, in run_until_complete
    return future.result()
           ~~~~~~~~~~~~~^^
  File "C:\Users\USER\Desktop\project\Kanaric-karaoke-system-gap-closure\media_monitor.py", line 71, in poll_media
    sessions = await GlobalSystemMediaTransportControlsSessionManager.request_async()
               ^^^^^^^^^^^^^^^^^^^^^^^^^^^^^^^^^^^^^^^^^^^^^^^^^^^^^^^^^^^^^^^^^^^^^^
  File "C:\Users\USER\Desktop\project\Kanaric\venv\Lib\site-packages\winrt\runtime\_internals.py", line 245, in wait
    return op.get_results()
           ~~~~~~~~~~~~~~^^
OSError: [WinError -2147023836] 指定的服務並不是已安裝的服務。

Media Monitor Error: Traceback (most recent call last):

Media Monitor Error:   File "C:\Users\USER\Desktop\project\Kanaric-karaoke-system-gap-closure\pytools.py", line 294, in <module>
    main()
    ~~~~^^
  File "C:\Users\USER\Desktop\project\Kanaric-karaoke-system-gap-closure\pytools.py", line 35, in main
    asyncio.run(poll_media())
    ~~~~~~~~~~~^^^^^^^^^^^^^^
  File "C:\Users\USER\AppData\Local\Python\pythoncore-3.14-64\Lib\asyncio\runners.py", line 204, in run
    return runner.run(main)
           ~~~~~~~~~~^^^^^^
  File "C:\Users\USER\AppData\Local\Python\pythoncore-3.14-64\Lib\asyncio\runners.py", line 127, in run
    return self._loop.run_until_complete(task)
           ~~~~~~~~~~~~~~~~~~~~~~~~~~~~~^^^^^^

Media Monitor Error:   File "C:\Users\USER\AppData\Local\Python\pythoncore-3.14-64\Lib\asyncio\base_events.py", line 719, in run_until_complete
    return future.result()
           ~~~~~~~~~~~~~^^
  File "C:\Users\USER\Desktop\project\Kanaric-karaoke-system-gap-closure\media_monitor.py", line 71, in poll_media
    sessions = await GlobalSystemMediaTransportControlsSessionManager.request_async()
               ^^^^^^^^^^^^^^^^^^^^^^^^^^^^^^^^^^^^^^^^^^^^^^^^^^^^^^^^^^^^^^^^^^^^^^
  File "C:\Users\USER\Desktop\project\Kanaric\venv\Lib\site-packages\winrt\runtime\_internals.py", line 245, in wait
    return op.get_results()
           ~~~~~~~~~~~~~~^^
OSError: [WinError -2147023836] 指定的服務並不是已安裝的服務。

Media Monitor Error: Traceback (most recent call last):

Media Monitor Error:   File "C:\Users\USER\Desktop\project\Kanaric-karaoke-system-gap-closure\pytools.py", line 294, in <module>
    main()
    ~~~~^^
  File "C:\Users\USER\Desktop\project\Kanaric-karaoke-system-gap-closure\pytools.py", line 35, in main
    asyncio.run(poll_media())
    ~~~~~~~~~~~^^^^^^^^^^^^^^
  File "C:\Users\USER\AppData\Local\Python\pythoncore-3.14-64\Lib\asyncio\runners.py", line 204, in run
    return runner.run(main)
           ~~~~~~~~~~^^^^^^

Media Monitor Error:   File "C:\Users\USER\AppData\Local\Python\pythoncore-3.14-64\Lib\asyncio\runners.py", line 127, in run
    return self._loop.run_until_complete(task)
           ~~~~~~~~~~~~~~~~~~~~~~~~~~~~~^^^^^^
  File "C:\Users\USER\AppData\Local\Python\pythoncore-3.14-64\Lib\asyncio\base_events.py", line 719, in run_until_complete
    return future.result()
           ~~~~~~~~~~~~~^^
  File "C:\Users\USER\Desktop\project\Kanaric-karaoke-system-gap-closure\media_monitor.py", line 71, in poll_media
    sessions = await GlobalSystemMediaTransportControlsSessionManager.request_async()
               ^^^^^^^^^^^^^^^^^^^^^^^^^^^^^^^^^^^^^^^^^^^^^^^^^^^^^^^^^^^^^^^^^^^^^^
  File "C:\Users\USER\Desktop\project\Kanaric\venv\Lib\site-packages\winrt\runtime\_internals.py", line 245, in wait
    return op.get_results()
           ~~~~~~~~~~~~~~^^
OSError: [WinError -2147023836] 指定的服務並不是已安裝的服務。

Media Monitor Error: Traceback (most recent call last):

Media Monitor Error:   File "C:\Users\USER\Desktop\project\Kanaric-karaoke-system-gap-closure\pytools.py", line 294, in <module>
    main()
    ~~~~^^
  File "C:\Users\USER\Desktop\project\Kanaric-karaoke-system-gap-closure\pytools.py", line 35, in main
    asyncio.run(poll_media())
    ~~~~~~~~~~~^^^^^^^^^^^^^^
  File "C:\Users\USER\AppData\Local\Python\pythoncore-3.14-64\Lib\asyncio\runners.py", line 204, in run
    return runner.run(main)
           ~~~~~~~~~~^^^^^^
  File "C:\Users\USER\AppData\Local\Python\pythoncore-3.14-64\Lib\asyncio\runners.py", line 127, in run
    return self._loop.run_until_complete(task)
           ~~~~~~~~~~~~~~~~~~~~~~~~~~~~~^^^^^^

Media Monitor Error:   File "C:\Users\USER\AppData\Local\Python\pythoncore-3.14-64\Lib\asyncio\base_events.py", line 719, in run_until_complete
    return future.result()
           ~~~~~~~~~~~~~^^
  File "C:\Users\USER\Desktop\project\Kanaric-karaoke-system-gap-closure\media_monitor.py", line 71, in poll_media
    sessions = await GlobalSystemMediaTransportControlsSessionManager.request_async()
               ^^^^^^^^^^^^^^^^^^^^^^^^^^^^^^^^^^^^^^^^^^^^^^^^^^^^^^^^^^^^^^^^^^^^^^
  File "C:\Users\USER\Desktop\project\Kanaric\venv\Lib\site-packages\winrt\runtime\_internals.py", line 245, in wait
    return op.get_results()
           ~~~~~~~~~~~~~~^^
OSError: [WinError -2147023836] 指定的服務並不是已安裝的服務。

Media Monitor Error: Traceback (most recent call last):

Media Monitor Error:   File "C:\Users\USER\Desktop\project\Kanaric-karaoke-system-gap-closure\pytools.py", line 294, in <module>
    main()
    ~~~~^^
  File "C:\Users\USER\Desktop\project\Kanaric-karaoke-system-gap-closure\pytools.py", line 35, in main
    asyncio.run(poll_media())
    ~~~~~~~~~~~^^^^^^^^^^^^^^
  File "C:\Users\USER\AppData\Local\Python\pythoncore-3.14-64\Lib\asyncio\runners.py", line 204, in run
    return runner.run(main)
           ~~~~~~~~~~^^^^^^
  File "C:\Users\USER\AppData\Local\Python\pythoncore-3.14-64\Lib\asyncio\runners.py", line 127, in run
    return self._loop.run_until_complete(task)
           ~~~~~~~~~~~~~~~~~~~~~~~~~~~~~^^^^^^

Media Monitor Error:   File "C:\Users\USER\AppData\Local\Python\pythoncore-3.14-64\Lib\asyncio\base_events.py", line 719, in run_until_complete
    return future.result()
           ~~~~~~~~~~~~~^^
  File "C:\Users\USER\Desktop\project\Kanaric-karaoke-system-gap-closure\media_monitor.py", line 71, in poll_media
    sessions = await GlobalSystemMediaTransportControlsSessionManager.request_async()
               ^^^^^^^^^^^^^^^^^^^^^^^^^^^^^^^^^^^^^^^^^^^^^^^^^^^^^^^^^^^^^^^^^^^^^^
  File "C:\Users\USER\Desktop\project\Kanaric\venv\Lib\site-packages\winrt\runtime\_internals.py", line 245, in wait
    return op.get_results()
           ~~~~~~~~~~~~~~^^
OSError: [WinError -2147023836] 指定的服務並不是已安裝的服務。

Media Monitor Error: Traceback (most recent call last):

Media Monitor Error:   File "C:\Users\USER\Desktop\project\Kanaric-karaoke-system-gap-closure\pytools.py", line 294, in <module>
    main()
    ~~~~^^
  File "C:\Users\USER\Desktop\project\Kanaric-karaoke-system-gap-closure\pytools.py", line 35, in main
    asyncio.run(poll_media())
    ~~~~~~~~~~~^^^^^^^^^^^^^^
  File "C:\Users\USER\AppData\Local\Python\pythoncore-3.14-64\Lib\asyncio\runners.py", line 204, in run
    return runner.run(main)
           ~~~~~~~~~~^^^^^^

Media Monitor Error:   File "C:\Users\USER\AppData\Local\Python\pythoncore-3.14-64\Lib\asyncio\runners.py", line 127, in run
    return self._loop.run_until_complete(task)
           ~~~~~~~~~~~~~~~~~~~~~~~~~~~~~^^^^^^
  File "C:\Users\USER\AppData\Local\Python\pythoncore-3.14-64\Lib\asyncio\base_events.py", line 719, in run_until_complete
    return future.result()
           ~~~~~~~~~~~~~^^
  File "C:\Users\USER\Desktop\project\Kanaric-karaoke-system-gap-closure\media_monitor.py", line 71, in poll_media
    sessions = await GlobalSystemMediaTransportControlsSessionManager.request_async()
               ^^^^^^^^^^^^^^^^^^^^^^^^^^^^^^^^^^^^^^^^^^^^^^^^^^^^^^^^^^^^^^^^^^^^^^
  File "C:\Users\USER\Desktop\project\Kanaric\venv\Lib\site-packages\winrt\runtime\_internals.py", line 245, in wait
    return op.get_results()
           ~~~~~~~~~~~~~~^^
OSError: [WinError -2147023836] 指定的服務並不是已安裝的服務。

Media Monitor Error: Traceback (most recent call last):

Media Monitor Error:   File "C:\Users\USER\Desktop\project\Kanaric-karaoke-system-gap-closure\pytools.py", line 294, in <module>
    main()
    ~~~~^^
  File "C:\Users\USER\Desktop\project\Kanaric-karaoke-system-gap-closure\pytools.py", line 35, in main
    asyncio.run(poll_media())
    ~~~~~~~~~~~^^^^^^^^^^^^^^
  File "C:\Users\USER\AppData\Local\Python\pythoncore-3.14-64\Lib\asyncio\runners.py", line 204, in run
    return runner.run(main)
           ~~~~~~~~~~^^^^^^
  File "C:\Users\USER\AppData\Local\Python\pythoncore-3.14-64\Lib\asyncio\runners.py", line 127, in run
    return self._loop.run_until_complete(task)
           ~~~~~~~~~~~~~~~~~~~~~~~~~~~~~^^^^^^

Media Monitor Error:   File "C:\Users\USER\AppData\Local\Python\pythoncore-3.14-64\Lib\asyncio\base_events.py", line 719, in run_until_complete
    return future.result()
           ~~~~~~~~~~~~~^^
  File "C:\Users\USER\Desktop\project\Kanaric-karaoke-system-gap-closure\media_monitor.py", line 71, in poll_media
    sessions = await GlobalSystemMediaTransportControlsSessionManager.request_async()
               ^^^^^^^^^^^^^^^^^^^^^^^^^^^^^^^^^^^^^^^^^^^^^^^^^^^^^^^^^^^^^^^^^^^^^^
  File "C:\Users\USER\Desktop\project\Kanaric\venv\Lib\site-packages\winrt\runtime\_internals.py", line 245, in wait
    return op.get_results()
           ~~~~~~~~~~~~~~^^
OSError: [WinError -2147023836] 指定的服務並不是已安裝的服務。

Media Monitor Error: Traceback (most recent call last):

Media Monitor Error:   File "C:\Users\USER\Desktop\project\Kanaric-karaoke-system-gap-closure\pytools.py", line 294, in <module>
    main()
    ~~~~^^
  File "C:\Users\USER\Desktop\project\Kanaric-karaoke-system-gap-closure\pytools.py", line 35, in main
    asyncio.run(poll_media())
    ~~~~~~~~~~~^^^^^^^^^^^^^^
  File "C:\Users\USER\AppData\Local\Python\pythoncore-3.14-64\Lib\asyncio\runners.py", line 204, in run
    return runner.run(main)
           ~~~~~~~~~~^^^^^^
  File "C:\Users\USER\AppData\Local\Python\pythoncore-3.14-64\Lib\asyncio\runners.py", line 127, in run
    return self._loop.run_until_complete(task)
           ~~~~~~~~~~~~~~~~~~~~~~~~~~~~~^^^^^^
  File "C:\Users\USER\AppData\Local\Python\pythoncore-3.14-64\Lib\asyncio\base_events.py", line 719, in run_until_complete
    return future.result()
           ~~~~~~~~~~~~~^^
  File "C:\Users\USER\Desktop\project\Kanaric-karaoke-system-gap-closure\media_monitor.py", line 71, in poll_media
    sessions = await GlobalSystemMediaTransportControlsSessionManager.request_async()
               ^^^^^^^^^^^^^^^^^^^^^^^^^^^^^^^^^^^^^^^^^^^^^^^^^^^^^^^^^^^^^^^^^^^^^^

Media Monitor Error:   File "C:\Users\USER\Desktop\project\Kanaric\venv\Lib\site-packages\winrt\runtime\_internals.py", line 245, in wait
    return op.get_results()
           ~~~~~~~~~~~~~~^^
OSError: [WinError -2147023836] 指定的服務並不是已安裝的服務。

Media Monitor Error: Traceback (most recent call last):

Media Monitor Error:   File "C:\Users\USER\Desktop\project\Kanaric-karaoke-system-gap-closure\pytools.py", line 294, in <module>
    main()
    ~~~~^^
  File "C:\Users\USER\Desktop\project\Kanaric-karaoke-system-gap-closure\pytools.py", line 35, in main
    asyncio.run(poll_media())
    ~~~~~~~~~~~^^^^^^^^^^^^^^
  File "C:\Users\USER\AppData\Local\Python\pythoncore-3.14-64\Lib\asyncio\runners.py", line 204, in run
    return runner.run(main)
           ~~~~~~~~~~^^^^^^
  File "C:\Users\USER\AppData\Local\Python\pythoncore-3.14-64\Lib\asyncio\runners.py", line 127, in run
    return self._loop.run_until_complete(task)
           ~~~~~~~~~~~~~~~~~~~~~~~~~~~~~^^^^^^

Media Monitor Error:   File "C:\Users\USER\AppData\Local\Python\pythoncore-3.14-64\Lib\asyncio\base_events.py", line 719, in run_until_complete
    return future.result()
           ~~~~~~~~~~~~~^^
  File "C:\Users\USER\Desktop\project\Kanaric-karaoke-system-gap-closure\media_monitor.py", line 71, in poll_media
    sessions = await GlobalSystemMediaTransportControlsSessionManager.request_async()
               ^^^^^^^^^^^^^^^^^^^^^^^^^^^^^^^^^^^^^^^^^^^^^^^^^^^^^^^^^^^^^^^^^^^^^^
  File "C:\Users\USER\Desktop\project\Kanaric\venv\Lib\site-packages\winrt\runtime\_internals.py", line 245, in wait
    return op.get_results()
           ~~~~~~~~~~~~~~^^
OSError: [WinError -2147023836] 指定的服務並不是已安裝的服務。

Media Monitor Error: Traceback (most recent call last):

Media Monitor Error:   File "C:\Users\USER\Desktop\project\Kanaric-karaoke-system-gap-closure\pytools.py", line 294, in <module>
    main()
    ~~~~^^
  File "C:\Users\USER\Desktop\project\Kanaric-karaoke-system-gap-closure\pytools.py", line 35, in main
    asyncio.run(poll_media())
    ~~~~~~~~~~~^^^^^^^^^^^^^^
  File "C:\Users\USER\AppData\Local\Python\pythoncore-3.14-64\Lib\asyncio\runners.py", line 204, in run
    return runner.run(main)
           ~~~~~~~~~~^^^^^^

Media Monitor Error:   File "C:\Users\USER\AppData\Local\Python\pythoncore-3.14-64\Lib\asyncio\runners.py", line 127, in run
    return self._loop.run_until_complete(task)
           ~~~~~~~~~~~~~~~~~~~~~~~~~~~~~^^^^^^
  File "C:\Users\USER\AppData\Local\Python\pythoncore-3.14-64\Lib\asyncio\base_events.py", line 719, in run_until_complete
    return future.result()
           ~~~~~~~~~~~~~^^
  File "C:\Users\USER\Desktop\project\Kanaric-karaoke-system-gap-closure\media_monitor.py", line 71, in poll_media
    sessions = await GlobalSystemMediaTransportControlsSessionManager.request_async()
               ^^^^^^^^^^^^^^^^^^^^^^^^^^^^^^^^^^^^^^^^^^^^^^^^^^^^^^^^^^^^^^^^^^^^^^
  File "C:\Users\USER\Desktop\project\Kanaric\venv\Lib\site-packages\winrt\runtime\_internals.py", line 245, in wait
    return op.get_results()
           ~~~~~~~~~~~~~~^^
OSError: [WinError -2147023836] 指定的服務並不是已安裝的服務。

Media Monitor Error: Traceback (most recent call last):

Media Monitor Error:   File "C:\Users\USER\Desktop\project\Kanaric-karaoke-system-gap-closure\pytools.py", line 294, in <module>
    main()
    ~~~~^^
  File "C:\Users\USER\Desktop\project\Kanaric-karaoke-system-gap-closure\pytools.py", line 35, in main
    asyncio.run(poll_media())
    ~~~~~~~~~~~^^^^^^^^^^^^^^
  File "C:\Users\USER\AppData\Local\Python\pythoncore-3.14-64\Lib\asyncio\runners.py", line 204, in run
    return runner.run(main)
           ~~~~~~~~~~^^^^^^

Media Monitor Error:   File "C:\Users\USER\AppData\Local\Python\pythoncore-3.14-64\Lib\asyncio\runners.py", line 127, in run
    return self._loop.run_until_complete(task)
           ~~~~~~~~~~~~~~~~~~~~~~~~~~~~~^^^^^^
  File "C:\Users\USER\AppData\Local\Python\pythoncore-3.14-64\Lib\asyncio\base_events.py", line 719, in run_until_complete
    return future.result()
           ~~~~~~~~~~~~~^^
  File "C:\Users\USER\Desktop\project\Kanaric-karaoke-system-gap-closure\media_monitor.py", line 71, in poll_media
    sessions = await GlobalSystemMediaTransportControlsSessionManager.request_async()
               ^^^^^^^^^^^^^^^^^^^^^^^^^^^^^^^^^^^^^^^^^^^^^^^^^^^^^^^^^^^^^^^^^^^^^^
  File "C:\Users\USER\Desktop\project\Kanaric\venv\Lib\site-packages\winrt\runtime\_internals.py", line 245, in wait
    return op.get_results()
           ~~~~~~~~~~~~~~^^
OSError: [WinError -2147023836] 指定的服務並不是已安裝的服務。

Media Monitor Error: Traceback (most recent call last):

Media Monitor Error:   File "C:\Users\USER\Desktop\project\Kanaric-karaoke-system-gap-closure\pytools.py", line 294, in <module>
    main()
    ~~~~^^
  File "C:\Users\USER\Desktop\project\Kanaric-karaoke-system-gap-closure\pytools.py", line 35, in main
    asyncio.run(poll_media())
    ~~~~~~~~~~~^^^^^^^^^^^^^^
  File "C:\Users\USER\AppData\Local\Python\pythoncore-3.14-64\Lib\asyncio\runners.py", line 204, in run
    return runner.run(main)
           ~~~~~~~~~~^^^^^^

Media Monitor Error:   File "C:\Users\USER\AppData\Local\Python\pythoncore-3.14-64\Lib\asyncio\runners.py", line 127, in run
    return self._loop.run_until_complete(task)
           ~~~~~~~~~~~~~~~~~~~~~~~~~~~~~^^^^^^
  File "C:\Users\USER\AppData\Local\Python\pythoncore-3.14-64\Lib\asyncio\base_events.py", line 719, in run_until_complete
    return future.result()
           ~~~~~~~~~~~~~^^
  File "C:\Users\USER\Desktop\project\Kanaric-karaoke-system-gap-closure\media_monitor.py", line 71, in poll_media
    sessions = await GlobalSystemMediaTransportControlsSessionManager.request_async()
               ^^^^^^^^^^^^^^^^^^^^^^^^^^^^^^^^^^^^^^^^^^^^^^^^^^^^^^^^^^^^^^^^^^^^^^
  File "C:\Users\USER\Desktop\project\Kanaric\venv\Lib\site-packages\winrt\runtime\_internals.py", line 245, in wait
    return op.get_results()
           ~~~~~~~~~~~~~~^^
OSError: [WinError -2147023836] 指定的服務並不是已安裝的服務。

Media Monitor Error: Traceback (most recent call last):

Media Monitor Error:   File "C:\Users\USER\Desktop\project\Kanaric-karaoke-system-gap-closure\pytools.py", line 294, in <module>
    main()
    ~~~~^^
  File "C:\Users\USER\Desktop\project\Kanaric-karaoke-system-gap-closure\pytools.py", line 35, in main
    asyncio.run(poll_media())
    ~~~~~~~~~~~^^^^^^^^^^^^^^
  File "C:\Users\USER\AppData\Local\Python\pythoncore-3.14-64\Lib\asyncio\runners.py", line 204, in run
    return runner.run(main)
           ~~~~~~~~~~^^^^^^

Media Monitor Error:   File "C:\Users\USER\AppData\Local\Python\pythoncore-3.14-64\Lib\asyncio\runners.py", line 127, in run
    return self._loop.run_until_complete(task)
           ~~~~~~~~~~~~~~~~~~~~~~~~~~~~~^^^^^^
  File "C:\Users\USER\AppData\Local\Python\pythoncore-3.14-64\Lib\asyncio\base_events.py", line 719, in run_until_complete
    return future.result()
           ~~~~~~~~~~~~~^^
  File "C:\Users\USER\Desktop\project\Kanaric-karaoke-system-gap-closure\media_monitor.py", line 71, in poll_media
    sessions = await GlobalSystemMediaTransportControlsSessionManager.request_async()
               ^^^^^^^^^^^^^^^^^^^^^^^^^^^^^^^^^^^^^^^^^^^^^^^^^^^^^^^^^^^^^^^^^^^^^^
  File "C:\Users\USER\Desktop\project\Kanaric\venv\Lib\site-packages\winrt\runtime\_internals.py", line 245, in wait
    return op.get_results()
           ~~~~~~~~~~~~~~^^
OSError: [WinError -2147023836] 指定的服務並不是已安裝的服務。

Media Monitor Error: Traceback (most recent call last):

Media Monitor Error:   File "C:\Users\USER\Desktop\project\Kanaric-karaoke-system-gap-closure\pytools.py", line 294, in <module>
    main()
    ~~~~^^
  File "C:\Users\USER\Desktop\project\Kanaric-karaoke-system-gap-closure\pytools.py", line 35, in main
    asyncio.run(poll_media())
    ~~~~~~~~~~~^^^^^^^^^^^^^^
  File "C:\Users\USER\AppData\Local\Python\pythoncore-3.14-64\Lib\asyncio\runners.py", line 204, in run
    return runner.run(main)
           ~~~~~~~~~~^^^^^^

Media Monitor Error:   File "C:\Users\USER\AppData\Local\Python\pythoncore-3.14-64\Lib\asyncio\runners.py", line 127, in run
    return self._loop.run_until_complete(task)
           ~~~~~~~~~~~~~~~~~~~~~~~~~~~~~^^^^^^
  File "C:\Users\USER\AppData\Local\Python\pythoncore-3.14-64\Lib\asyncio\base_events.py", line 719, in run_until_complete
    return future.result()
           ~~~~~~~~~~~~~^^
  File "C:\Users\USER\Desktop\project\Kanaric-karaoke-system-gap-closure\media_monitor.py", line 71, in poll_media
    sessions = await GlobalSystemMediaTransportControlsSessionManager.request_async()
               ^^^^^^^^^^^^^^^^^^^^^^^^^^^^^^^^^^^^^^^^^^^^^^^^^^^^^^^^^^^^^^^^^^^^^^
  File "C:\Users\USER\Desktop\project\Kanaric\venv\Lib\site-packages\winrt\runtime\_internals.py", line 245, in wait
    return op.get_results()
           ~~~~~~~~~~~~~~^^
OSError: [WinError -2147023836] 指定的服務並不是已安裝的服務。

Media Monitor Error: Traceback (most recent call last):

Media Monitor Error:   File "C:\Users\USER\Desktop\project\Kanaric-karaoke-system-gap-closure\pytools.py", line 294, in <module>
    main()
    ~~~~^^
  File "C:\Users\USER\Desktop\project\Kanaric-karaoke-system-gap-closure\pytools.py", line 35, in main
    asyncio.run(poll_media())
    ~~~~~~~~~~~^^^^^^^^^^^^^^
  File "C:\Users\USER\AppData\Local\Python\pythoncore-3.14-64\Lib\asyncio\runners.py", line 204, in run
    return runner.run(main)
           ~~~~~~~~~~^^^^^^

Media Monitor Error:   File "C:\Users\USER\AppData\Local\Python\pythoncore-3.14-64\Lib\asyncio\runners.py", line 127, in run
    return self._loop.run_until_complete(task)
           ~~~~~~~~~~~~~~~~~~~~~~~~~~~~~^^^^^^
  File "C:\Users\USER\AppData\Local\Python\pythoncore-3.14-64\Lib\asyncio\base_events.py", line 719, in run_until_complete
    return future.result()
           ~~~~~~~~~~~~~^^
  File "C:\Users\USER\Desktop\project\Kanaric-karaoke-system-gap-closure\media_monitor.py", line 71, in poll_media
    sessions = await GlobalSystemMediaTransportControlsSessionManager.request_async()
               ^^^^^^^^^^^^^^^^^^^^^^^^^^^^^^^^^^^^^^^^^^^^^^^^^^^^^^^^^^^^^^^^^^^^^^
  File "C:\Users\USER\Desktop\project\Kanaric\venv\Lib\site-packages\winrt\runtime\_internals.py", line 245, in wait
    return op.get_results()
           ~~~~~~~~~~~~~~^^
OSError: [WinError -2147023836] 指定的服務並不是已安裝的服務。

Media Monitor Error: Traceback (most recent call last):

Media Monitor Error:   File "C:\Users\USER\Desktop\project\Kanaric-karaoke-system-gap-closure\pytools.py", line 294, in <module>
    main()
    ~~~~^^
  File "C:\Users\USER\Desktop\project\Kanaric-karaoke-system-gap-closure\pytools.py", line 35, in main
    asyncio.run(poll_media())
    ~~~~~~~~~~~^^^^^^^^^^^^^^
  File "C:\Users\USER\AppData\Local\Python\pythoncore-3.14-64\Lib\asyncio\runners.py", line 204, in run
    return runner.run(main)
           ~~~~~~~~~~^^^^^^
  File "C:\Users\USER\AppData\Local\Python\pythoncore-3.14-64\Lib\asyncio\runners.py", line 127, in run
    return self._loop.run_until_complete(task)
           ~~~~~~~~~~~~~~~~~~~~~~~~~~~~~^^^^^^

Media Monitor Error:   File "C:\Users\USER\AppData\Local\Python\pythoncore-3.14-64\Lib\asyncio\base_events.py", line 719, in run_until_complete
    return future.result()
           ~~~~~~~~~~~~~^^
  File "C:\Users\USER\Desktop\project\Kanaric-karaoke-system-gap-closure\media_monitor.py", line 71, in poll_media
    sessions = await GlobalSystemMediaTransportControlsSessionManager.request_async()
               ^^^^^^^^^^^^^^^^^^^^^^^^^^^^^^^^^^^^^^^^^^^^^^^^^^^^^^^^^^^^^^^^^^^^^^
  File "C:\Users\USER\Desktop\project\Kanaric\venv\Lib\site-packages\winrt\runtime\_internals.py", line 245, in wait
    return op.get_results()
           ~~~~~~~~~~~~~~^^
OSError: [WinError -2147023836] 指定的服務並不是已安裝的服務。

Media Monitor Error: Traceback (most recent call last):

Media Monitor Error:   File "C:\Users\USER\Desktop\project\Kanaric-karaoke-system-gap-closure\pytools.py", line 294, in <module>
    main()
    ~~~~^^
  File "C:\Users\USER\Desktop\project\Kanaric-karaoke-system-gap-closure\pytools.py", line 35, in main
    asyncio.run(poll_media())
    ~~~~~~~~~~~^^^^^^^^^^^^^^
  File "C:\Users\USER\AppData\Local\Python\pythoncore-3.14-64\Lib\asyncio\runners.py", line 204, in run
    return runner.run(main)
           ~~~~~~~~~~^^^^^^
  File "C:\Users\USER\AppData\Local\Python\pythoncore-3.14-64\Lib\asyncio\runners.py", line 127, in run
    return self._loop.run_until_complete(task)
           ~~~~~~~~~~~~~~~~~~~~~~~~~~~~~^^^^^^
  File "C:\Users\USER\AppData\Local\Python\pythoncore-3.14-64\Lib\asyncio\base_events.py", line 719, in run_until_complete
    return future.result()
           ~~~~~~~~~~~~~^^
  File "C:\Users\USER\Desktop\project\Kanaric-karaoke-system-gap-closure\media_monitor.py", line 71, in poll_media
    sessions = await GlobalSystemMediaTransportControlsSessionManager.request_async()
               ^^^^^^^^^^^^^^^^^^^^^^^^^^^^^^^^^^^^^^^^^^^^^^^^^^^^^^^^^^^^^^^^^^^^^^
  File "C:\Users\USER\Desktop\project\Kanaric\venv\Lib\site-packages\winrt\runtime\_internals.py", line 245, in wait
    return op.get_results()
           ~~~~~~~~~~~~~~^^
OSError: [WinError -2147023836] 指定的服務並不是已安裝的服務。

Media Monitor Error: Traceback (most recent call last):

Media Monitor Error:   File "C:\Users\USER\Desktop\project\Kanaric-karaoke-system-gap-closure\pytools.py", line 294, in <module>
    main()
    ~~~~^^
  File "C:\Users\USER\Desktop\project\Kanaric-karaoke-system-gap-closure\pytools.py", line 35, in main
    asyncio.run(poll_media())
    ~~~~~~~~~~~^^^^^^^^^^^^^^
  File "C:\Users\USER\AppData\Local\Python\pythoncore-3.14-64\Lib\asyncio\runners.py", line 204, in run
    return runner.run(main)
           ~~~~~~~~~~^^^^^^
  File "C:\Users\USER\AppData\Local\Python\pythoncore-3.14-64\Lib\asyncio\runners.py", line 127, in run
    return self._loop.run_until_complete(task)
           ~~~~~~~~~~~~~~~~~~~~~~~~~~~~~^^^^^^

Media Monitor Error:   File "C:\Users\USER\AppData\Local\Python\pythoncore-3.14-64\Lib\asyncio\base_events.py", line 719, in run_until_complete
    return future.result()
           ~~~~~~~~~~~~~^^
  File "C:\Users\USER\Desktop\project\Kanaric-karaoke-system-gap-closure\media_monitor.py", line 71, in poll_media
    sessions = await GlobalSystemMediaTransportControlsSessionManager.request_async()
               ^^^^^^^^^^^^^^^^^^^^^^^^^^^^^^^^^^^^^^^^^^^^^^^^^^^^^^^^^^^^^^^^^^^^^^
  File "C:\Users\USER\Desktop\project\Kanaric\venv\Lib\site-packages\winrt\runtime\_internals.py", line 245, in wait
    return op.get_results()
           ~~~~~~~~~~~~~~^^
OSError: [WinError -2147023836] 指定的服務並不是已安裝的服務。

Media Monitor Error: Traceback (most recent call last):

Media Monitor Error:   File "C:\Users\USER\Desktop\project\Kanaric-karaoke-system-gap-closure\pytools.py", line 294, in <module>
    main()
    ~~~~^^
  File "C:\Users\USER\Desktop\project\Kanaric-karaoke-system-gap-closure\pytools.py", line 35, in main
    asyncio.run(poll_media())
    ~~~~~~~~~~~^^^^^^^^^^^^^^
  File "C:\Users\USER\AppData\Local\Python\pythoncore-3.14-64\Lib\asyncio\runners.py", line 204, in run
    return runner.run(main)
           ~~~~~~~~~~^^^^^^
  File "C:\Users\USER\AppData\Local\Python\pythoncore-3.14-64\Lib\asyncio\runners.py", line 127, in run
    return self._loop.run_until_complete(task)
           ~~~~~~~~~~~~~~~~~~~~~~~~~~~~~^^^^^^
  File "C:\Users\USER\AppData\Local\Python\pythoncore-3.14-64\Lib\asyncio\base_events.py", line 719, in run_until_complete
    return future.result()
           ~~~~~~~~~~~~~^^

Media Monitor Error:   File "C:\Users\USER\Desktop\project\Kanaric-karaoke-system-gap-closure\media_monitor.py", line 71, in poll_media
    sessions = await GlobalSystemMediaTransportControlsSessionManager.request_async()
               ^^^^^^^^^^^^^^^^^^^^^^^^^^^^^^^^^^^^^^^^^^^^^^^^^^^^^^^^^^^^^^^^^^^^^^
  File "C:\Users\USER\Desktop\project\Kanaric\venv\Lib\site-packages\winrt\runtime\_internals.py", line 245, in wait
    return op.get_results()
           ~~~~~~~~~~~~~~^^
OSError: [WinError -2147023836] 指定的服務並不是已安裝的服務。

Media Monitor Error: Traceback (most recent call last):

Media Monitor Error:   File "C:\Users\USER\Desktop\project\Kanaric-karaoke-system-gap-closure\pytools.py", line 294, in <module>
    main()
    ~~~~^^
  File "C:\Users\USER\Desktop\project\Kanaric-karaoke-system-gap-closure\pytools.py", line 35, in main
    asyncio.run(poll_media())
    ~~~~~~~~~~~^^^^^^^^^^^^^^
  File "C:\Users\USER\AppData\Local\Python\pythoncore-3.14-64\Lib\asyncio\runners.py", line 204, in run
    return runner.run(main)
           ~~~~~~~~~~^^^^^^
  File "C:\Users\USER\AppData\Local\Python\pythoncore-3.14-64\Lib\asyncio\runners.py", line 127, in run
    return self._loop.run_until_complete(task)
           ~~~~~~~~~~~~~~~~~~~~~~~~~~~~~^^^^^^

Media Monitor Error:   File "C:\Users\USER\AppData\Local\Python\pythoncore-3.14-64\Lib\asyncio\base_events.py", line 719, in run_until_complete
    return future.result()
           ~~~~~~~~~~~~~^^
  File "C:\Users\USER\Desktop\project\Kanaric-karaoke-system-gap-closure\media_monitor.py", line 71, in poll_media
    sessions = await GlobalSystemMediaTransportControlsSessionManager.request_async()
               ^^^^^^^^^^^^^^^^^^^^^^^^^^^^^^^^^^^^^^^^^^^^^^^^^^^^^^^^^^^^^^^^^^^^^^
  File "C:\Users\USER\Desktop\project\Kanaric\venv\Lib\site-packages\winrt\runtime\_internals.py", line 245, in wait
    return op.get_results()
           ~~~~~~~~~~~~~~^^
OSError: [WinError -2147023836] 指定的服務並不是已安裝的服務。

Media Monitor Error: Traceback (most recent call last):

Media Monitor Error:   File "C:\Users\USER\Desktop\project\Kanaric-karaoke-system-gap-closure\pytools.py", line 294, in <module>
    main()
    ~~~~^^
  File "C:\Users\USER\Desktop\project\Kanaric-karaoke-system-gap-closure\pytools.py", line 35, in main
    asyncio.run(poll_media())
    ~~~~~~~~~~~^^^^^^^^^^^^^^
  File "C:\Users\USER\AppData\Local\Python\pythoncore-3.14-64\Lib\asyncio\runners.py", line 204, in run
    return runner.run(main)
           ~~~~~~~~~~^^^^^^
  File "C:\Users\USER\AppData\Local\Python\pythoncore-3.14-64\Lib\asyncio\runners.py", line 127, in run
    return self._loop.run_until_complete(task)
           ~~~~~~~~~~~~~~~~~~~~~~~~~~~~~^^^^^^
  File "C:\Users\USER\AppData\Local\Python\pythoncore-3.14-64\Lib\asyncio\base_events.py", line 719, in run_until_complete
    return future.result()
           ~~~~~~~~~~~~~^^
  File "C:\Users\USER\Desktop\project\Kanaric-karaoke-system-gap-closure\media_monitor.py", line 71, in poll_media
    sessions = await GlobalSystemMediaTransportControlsSessionManager.request_async()
               ^^^^^^^^^^^^^^^^^^^^^^^^^^^^^^^^^^^^^^^^^^^^^^^^^^^^^^^^^^^^^^^^^^^^^^
  File "C:\Users\USER\Desktop\project\Kanaric\venv\Lib\site-packages\winrt\runtime\_internals.py", line 245, in wait
    return op.get_results()
           ~~~~~~~~~~~~~~^^
OSError: [WinError -2147023836] 指定的服務並不是已安裝的服務。

Media Monitor Error: Traceback (most recent call last):

Media Monitor Error:   File "C:\Users\USER\Desktop\project\Kanaric-karaoke-system-gap-closure\pytools.py", line 294, in <module>
    main()
    ~~~~^^
  File "C:\Users\USER\Desktop\project\Kanaric-karaoke-system-gap-closure\pytools.py", line 35, in main
    asyncio.run(poll_media())
    ~~~~~~~~~~~^^^^^^^^^^^^^^
  File "C:\Users\USER\AppData\Local\Python\pythoncore-3.14-64\Lib\asyncio\runners.py", line 204, in run
    return runner.run(main)
           ~~~~~~~~~~^^^^^^
  File "C:\Users\USER\AppData\Local\Python\pythoncore-3.14-64\Lib\asyncio\runners.py", line 127, in run
    return self._loop.run_until_complete(task)
           ~~~~~~~~~~~~~~~~~~~~~~~~~~~~~^^^^^^
  File "C:\Users\USER\AppData\Local\Python\pythoncore-3.14-64\Lib\asyncio\base_events.py", line 719, in run_until_complete
    return future.result()
           ~~~~~~~~~~~~~^^
  File "C:\Users\USER\Desktop\project\Kanaric-karaoke-system-gap-closure\media_monitor.py", line 71, in poll_media
    sessions = await GlobalSystemMediaTransportControlsSessionManager.request_async()
               ^^^^^^^^^^^^^^^^^^^^^^^^^^^^^^^^^^^^^^^^^^^^^^^^^^^^^^^^^^^^^^^^^^^^^^

Media Monitor Error:   File "C:\Users\USER\Desktop\project\Kanaric\venv\Lib\site-packages\winrt\runtime\_internals.py", line 245, in wait
    return op.get_results()
           ~~~~~~~~~~~~~~^^
OSError: [WinError -2147023836] 指定的服務並不是已安裝的服務。

Media Monitor Error: Traceback (most recent call last):

Media Monitor Error:   File "C:\Users\USER\Desktop\project\Kanaric-karaoke-system-gap-closure\pytools.py", line 294, in <module>
    main()
    ~~~~^^
  File "C:\Users\USER\Desktop\project\Kanaric-karaoke-system-gap-closure\pytools.py", line 35, in main
    asyncio.run(poll_media())
    ~~~~~~~~~~~^^^^^^^^^^^^^^
  File "C:\Users\USER\AppData\Local\Python\pythoncore-3.14-64\Lib\asyncio\runners.py", line 204, in run
    return runner.run(main)
           ~~~~~~~~~~^^^^^^
  File "C:\Users\USER\AppData\Local\Python\pythoncore-3.14-64\Lib\asyncio\runners.py", line 127, in run
    return self._loop.run_until_complete(task)
           ~~~~~~~~~~~~~~~~~~~~~~~~~~~~~^^^^^^
  File "C:\Users\USER\AppData\Local\Python\pythoncore-3.14-64\Lib\asyncio\base_events.py", line 719, in run_until_complete
    return future.result()
           ~~~~~~~~~~~~~^^
  File "C:\Users\USER\Desktop\project\Kanaric-karaoke-system-gap-closure\media_monitor.py", line 71, in poll_media
    sessions = await GlobalSystemMediaTransportControlsSessionManager.request_async()
               ^^^^^^^^^^^^^^^^^^^^^^^^^^^^^^^^^^^^^^^^^^^^^^^^^^^^^^^^^^^^^^^^^^^^^^
  File "C:\Users\USER\Desktop\project\Kanaric\venv\Lib\site-packages\winrt\runtime\_internals.py", line 245, in wait
    return op.get_results()
           ~~~~~~~~~~~~~~^^
OSError: [WinError -2147023836] 指定的服務並不是已安裝的服務。

Media Monitor Error: Traceback (most recent call last):

Media Monitor Error:   File "C:\Users\USER\Desktop\project\Kanaric-karaoke-system-gap-closure\pytools.py", line 294, in <module>
    main()
    ~~~~^^

Media Monitor Error:   File "C:\Users\USER\Desktop\project\Kanaric-karaoke-system-gap-closure\pytools.py", line 35, in main
    asyncio.run(poll_media())
    ~~~~~~~~~~~^^^^^^^^^^^^^^
  File "C:\Users\USER\AppData\Local\Python\pythoncore-3.14-64\Lib\asyncio\runners.py", line 204, in run
    return runner.run(main)
           ~~~~~~~~~~^^^^^^
  File "C:\Users\USER\AppData\Local\Python\pythoncore-3.14-64\Lib\asyncio\runners.py", line 127, in run
    return self._loop.run_until_complete(task)
           ~~~~~~~~~~~~~~~~~~~~~~~~~~~~~^^^^^^
  File "C:\Users\USER\AppData\Local\Python\pythoncore-3.14-64\Lib\asyncio\base_events.py", line 719, in run_until_complete
    return future.result()
           ~~~~~~~~~~~~~^^
  File "C:\Users\USER\Desktop\project\Kanaric-karaoke-system-gap-closure\media_monitor.py", line 71, in poll_media
    sessions = await GlobalSystemMediaTransportControlsSessionManager.request_async()
               ^^^^^^^^^^^^^^^^^^^^^^^^^^^^^^^^^^^^^^^^^^^^^^^^^^^^^^^^^^^^^^^^^^^^^^
  File "C:\Users\USER\Desktop\project\Kanaric\venv\Lib\site-packages\winrt\runtime\_internals.py", line 245, in wait
    return op.get_results()
           ~~~~~~~~~~~~~~^^
OSError: [WinError -2147023836] 指定的服務並不是已安裝的服務。

Media Monitor Error: Traceback (most recent call last):

Media Monitor Error:   File "C:\Users\USER\Desktop\project\Kanaric-karaoke-system-gap-closure\pytools.py", line 294, in <module>
    main()
    ~~~~^^
  File "C:\Users\USER\Desktop\project\Kanaric-karaoke-system-gap-closure\pytools.py", line 35, in main
    asyncio.run(poll_media())
    ~~~~~~~~~~~^^^^^^^^^^^^^^
  File "C:\Users\USER\AppData\Local\Python\pythoncore-3.14-64\Lib\asyncio\runners.py", line 204, in run
    return runner.run(main)
           ~~~~~~~~~~^^^^^^

Media Monitor Error:   File "C:\Users\USER\AppData\Local\Python\pythoncore-3.14-64\Lib\asyncio\runners.py", line 127, in run
    return self._loop.run_until_complete(task)
           ~~~~~~~~~~~~~~~~~~~~~~~~~~~~~^^^^^^
  File "C:\Users\USER\AppData\Local\Python\pythoncore-3.14-64\Lib\asyncio\base_events.py", line 719, in run_until_complete
    return future.result()
           ~~~~~~~~~~~~~^^
  File "C:\Users\USER\Desktop\project\Kanaric-karaoke-system-gap-closure\media_monitor.py", line 71, in poll_media
    sessions = await GlobalSystemMediaTransportControlsSessionManager.request_async()
               ^^^^^^^^^^^^^^^^^^^^^^^^^^^^^^^^^^^^^^^^^^^^^^^^^^^^^^^^^^^^^^^^^^^^^^
  File "C:\Users\USER\Desktop\project\Kanaric\venv\Lib\site-packages\winrt\runtime\_internals.py", line 245, in wait
    return op.get_results()
           ~~~~~~~~~~~~~~^^
OSError: [WinError -2147023836] 指定的服務並不是已安裝的服務。

Media Monitor Error: Traceback (most recent call last):

Media Monitor Error:   File "C:\Users\USER\Desktop\project\Kanaric-karaoke-system-gap-closure\pytools.py", line 294, in <module>
    main()
    ~~~~^^
  File "C:\Users\USER\Desktop\project\Kanaric-karaoke-system-gap-closure\pytools.py", line 35, in main
    asyncio.run(poll_media())
    ~~~~~~~~~~~^^^^^^^^^^^^^^
  File "C:\Users\USER\AppData\Local\Python\pythoncore-3.14-64\Lib\asyncio\runners.py", line 204, in run
    return runner.run(main)
           ~~~~~~~~~~^^^^^^
  File "C:\Users\USER\AppData\Local\Python\pythoncore-3.14-64\Lib\asyncio\runners.py", line 127, in run
    return self._loop.run_until_complete(task)
           ~~~~~~~~~~~~~~~~~~~~~~~~~~~~~^^^^^^

Media Monitor Error:   File "C:\Users\USER\AppData\Local\Python\pythoncore-3.14-64\Lib\asyncio\base_events.py", line 719, in run_until_complete
    return future.result()
           ~~~~~~~~~~~~~^^
  File "C:\Users\USER\Desktop\project\Kanaric-karaoke-system-gap-closure\media_monitor.py", line 71, in poll_media
    sessions = await GlobalSystemMediaTransportControlsSessionManager.request_async()
               ^^^^^^^^^^^^^^^^^^^^^^^^^^^^^^^^^^^^^^^^^^^^^^^^^^^^^^^^^^^^^^^^^^^^^^
  File "C:\Users\USER\Desktop\project\Kanaric\venv\Lib\site-packages\winrt\runtime\_internals.py", line 245, in wait
    return op.get_results()
           ~~~~~~~~~~~~~~^^
OSError: [WinError -2147023836] 指定的服務並不是已安裝的服務。

Media Monitor Error: Traceback (most recent call last):

Media Monitor Error:   File "C:\Users\USER\Desktop\project\Kanaric-karaoke-system-gap-closure\pytools.py", line 294, in <module>
    main()
    ~~~~^^
  File "C:\Users\USER\Desktop\project\Kanaric-karaoke-system-gap-closure\pytools.py", line 35, in main
    asyncio.run(poll_media())
    ~~~~~~~~~~~^^^^^^^^^^^^^^
  File "C:\Users\USER\AppData\Local\Python\pythoncore-3.14-64\Lib\asyncio\runners.py", line 204, in run
    return runner.run(main)
           ~~~~~~~~~~^^^^^^
  File "C:\Users\USER\AppData\Local\Python\pythoncore-3.14-64\Lib\asyncio\runners.py", line 127, in run
    return self._loop.run_until_complete(task)
           ~~~~~~~~~~~~~~~~~~~~~~~~~~~~~^^^^^^

Media Monitor Error:   File "C:\Users\USER\AppData\Local\Python\pythoncore-3.14-64\Lib\asyncio\base_events.py", line 719, in run_until_complete
    return future.result()
           ~~~~~~~~~~~~~^^
  File "C:\Users\USER\Desktop\project\Kanaric-karaoke-system-gap-closure\media_monitor.py", line 71, in poll_media
    sessions = await GlobalSystemMediaTransportControlsSessionManager.request_async()
               ^^^^^^^^^^^^^^^^^^^^^^^^^^^^^^^^^^^^^^^^^^^^^^^^^^^^^^^^^^^^^^^^^^^^^^
  File "C:\Users\USER\Desktop\project\Kanaric\venv\Lib\site-packages\winrt\runtime\_internals.py", line 245, in wait
    return op.get_results()
           ~~~~~~~~~~~~~~^^
OSError: [WinError -2147023836] 指定的服務並不是已安裝的服務。

Media Monitor Error: Traceback (most recent call last):

Media Monitor Error:   File "C:\Users\USER\Desktop\project\Kanaric-karaoke-system-gap-closure\pytools.py", line 294, in <module>
    main()
    ~~~~^^
  File "C:\Users\USER\Desktop\project\Kanaric-karaoke-system-gap-closure\pytools.py", line 35, in main
    asyncio.run(poll_media())
    ~~~~~~~~~~~^^^^^^^^^^^^^^
  File "C:\Users\USER\AppData\Local\Python\pythoncore-3.14-64\Lib\asyncio\runners.py", line 204, in run
    return runner.run(main)
           ~~~~~~~~~~^^^^^^
  File "C:\Users\USER\AppData\Local\Python\pythoncore-3.14-64\Lib\asyncio\runners.py", line 127, in run
    return self._loop.run_until_complete(task)
           ~~~~~~~~~~~~~~~~~~~~~~~~~~~~~^^^^^^
  File "C:\Users\USER\AppData\Local\Python\pythoncore-3.14-64\Lib\asyncio\base_events.py", line 719, in run_until_complete
    return future.result()
           ~~~~~~~~~~~~~^^

Media Monitor Error:   File "C:\Users\USER\Desktop\project\Kanaric-karaoke-system-gap-closure\media_monitor.py", line 71, in poll_media
    sessions = await GlobalSystemMediaTransportControlsSessionManager.request_async()
               ^^^^^^^^^^^^^^^^^^^^^^^^^^^^^^^^^^^^^^^^^^^^^^^^^^^^^^^^^^^^^^^^^^^^^^
  File "C:\Users\USER\Desktop\project\Kanaric\venv\Lib\site-packages\winrt\runtime\_internals.py", line 245, in wait
    return op.get_results()
           ~~~~~~~~~~~~~~^^
OSError: [WinError -2147023836] 指定的服務並不是已安裝的服務。

Media Monitor Error: Traceback (most recent call last):

Media Monitor Error:   File "C:\Users\USER\Desktop\project\Kanaric-karaoke-system-gap-closure\pytools.py", line 294, in <module>
    main()
    ~~~~^^
  File "C:\Users\USER\Desktop\project\Kanaric-karaoke-system-gap-closure\pytools.py", line 35, in main
    asyncio.run(poll_media())
    ~~~~~~~~~~~^^^^^^^^^^^^^^
  File "C:\Users\USER\AppData\Local\Python\pythoncore-3.14-64\Lib\asyncio\runners.py", line 204, in run
    return runner.run(main)
           ~~~~~~~~~~^^^^^^

Media Monitor Error:   File "C:\Users\USER\AppData\Local\Python\pythoncore-3.14-64\Lib\asyncio\runners.py", line 127, in run
    return self._loop.run_until_complete(task)
           ~~~~~~~~~~~~~~~~~~~~~~~~~~~~~^^^^^^
  File "C:\Users\USER\AppData\Local\Python\pythoncore-3.14-64\Lib\asyncio\base_events.py", line 719, in run_until_complete
    return future.result()
           ~~~~~~~~~~~~~^^
  File "C:\Users\USER\Desktop\project\Kanaric-karaoke-system-gap-closure\media_monitor.py", line 71, in poll_media
    sessions = await GlobalSystemMediaTransportControlsSessionManager.request_async()
               ^^^^^^^^^^^^^^^^^^^^^^^^^^^^^^^^^^^^^^^^^^^^^^^^^^^^^^^^^^^^^^^^^^^^^^
  File "C:\Users\USER\Desktop\project\Kanaric\venv\Lib\site-packages\winrt\runtime\_internals.py", line 245, in wait
    return op.get_results()
           ~~~~~~~~~~~~~~^^
OSError: [WinError -2147023836] 指定的服務並不是已安裝的服務。

Media Monitor Error: Traceback (most recent call last):

Media Monitor Error:   File "C:\Users\USER\Desktop\project\Kanaric-karaoke-system-gap-closure\pytools.py", line 294, in <module>
    main()
    ~~~~^^
  File "C:\Users\USER\Desktop\project\Kanaric-karaoke-system-gap-closure\pytools.py", line 35, in main
    asyncio.run(poll_media())
    ~~~~~~~~~~~^^^^^^^^^^^^^^
  File "C:\Users\USER\AppData\Local\Python\pythoncore-3.14-64\Lib\asyncio\runners.py", line 204, in run
    return runner.run(main)
           ~~~~~~~~~~^^^^^^
  File "C:\Users\USER\AppData\Local\Python\pythoncore-3.14-64\Lib\asyncio\runners.py", line 127, in run
    return self._loop.run_until_complete(task)
           ~~~~~~~~~~~~~~~~~~~~~~~~~~~~~^^^^^^
  File "C:\Users\USER\AppData\Local\Python\pythoncore-3.14-64\Lib\asyncio\base_events.py", line 719, in run_until_complete
    return future.result()
           ~~~~~~~~~~~~~^^
  File "C:\Users\USER\Desktop\project\Kanaric-karaoke-system-gap-closure\media_monitor.py", line 71, in poll_media
    sessions = await GlobalSystemMediaTransportControlsSessionManager.request_async()
               ^^^^^^^^^^^^^^^^^^^^^^^^^^^^^^^^^^^^^^^^^^^^^^^^^^^^^^^^^^^^^^^^^^^^^^
  File "C:\Users\USER\Desktop\project\Kanaric\venv\Lib\site-packages\winrt\runtime\_internals.py", line 245, in wait
    return op.get_results()
           ~~~~~~~~~~~~~~^^
OSError: [WinError -2147023836] 指定的服務並不是已安裝的服務。

Media Monitor Error: Traceback (most recent call last):

Media Monitor Error:   File "C:\Users\USER\Desktop\project\Kanaric-karaoke-system-gap-closure\pytools.py", line 294, in <module>
    main()
    ~~~~^^
  File "C:\Users\USER\Desktop\project\Kanaric-karaoke-system-gap-closure\pytools.py", line 35, in main
    asyncio.run(poll_media())
    ~~~~~~~~~~~^^^^^^^^^^^^^^
  File "C:\Users\USER\AppData\Local\Python\pythoncore-3.14-64\Lib\asyncio\runners.py", line 204, in run
    return runner.run(main)
           ~~~~~~~~~~^^^^^^
  File "C:\Users\USER\AppData\Local\Python\pythoncore-3.14-64\Lib\asyncio\runners.py", line 127, in run
    return self._loop.run_until_complete(task)
           ~~~~~~~~~~~~~~~~~~~~~~~~~~~~~^^^^^^
  File "C:\Users\USER\AppData\Local\Python\pythoncore-3.14-64\Lib\asyncio\base_events.py", line 719, in run_until_complete
    return future.result()
           ~~~~~~~~~~~~~^^
  File "C:\Users\USER\Desktop\project\Kanaric-karaoke-system-gap-closure\media_monitor.py", line 71, in poll_media
    sessions = await GlobalSystemMediaTransportControlsSessionManager.request_async()
               ^^^^^^^^^^^^^^^^^^^^^^^^^^^^^^^^^^^^^^^^^^^^^^^^^^^^^^^^^^^^^^^^^^^^^^

Media Monitor Error:   File "C:\Users\USER\Desktop\project\Kanaric\venv\Lib\site-packages\winrt\runtime\_internals.py", line 245, in wait
    return op.get_results()
           ~~~~~~~~~~~~~~^^
OSError: [WinError -2147023836] 指定的服務並不是已安裝的服務。

Media Monitor Error: Traceback (most recent call last):

Media Monitor Error:   File "C:\Users\USER\Desktop\project\Kanaric-karaoke-system-gap-closure\pytools.py", line 294, in <module>
    main()
    ~~~~^^
  File "C:\Users\USER\Desktop\project\Kanaric-karaoke-system-gap-closure\pytools.py", line 35, in main
    asyncio.run(poll_media())
    ~~~~~~~~~~~^^^^^^^^^^^^^^
  File "C:\Users\USER\AppData\Local\Python\pythoncore-3.14-64\Lib\asyncio\runners.py", line 204, in run
    return runner.run(main)
           ~~~~~~~~~~^^^^^^

Media Monitor Error:   File "C:\Users\USER\AppData\Local\Python\pythoncore-3.14-64\Lib\asyncio\runners.py", line 127, in run
    return self._loop.run_until_complete(task)
           ~~~~~~~~~~~~~~~~~~~~~~~~~~~~~^^^^^^
  File "C:\Users\USER\AppData\Local\Python\pythoncore-3.14-64\Lib\asyncio\base_events.py", line 719, in run_until_complete
    return future.result()
           ~~~~~~~~~~~~~^^
  File "C:\Users\USER\Desktop\project\Kanaric-karaoke-system-gap-closure\media_monitor.py", line 71, in poll_media
    sessions = await GlobalSystemMediaTransportControlsSessionManager.request_async()
               ^^^^^^^^^^^^^^^^^^^^^^^^^^^^^^^^^^^^^^^^^^^^^^^^^^^^^^^^^^^^^^^^^^^^^^
  File "C:\Users\USER\Desktop\project\Kanaric\venv\Lib\site-packages\winrt\runtime\_internals.py", line 245, in wait
    return op.get_results()
           ~~~~~~~~~~~~~~^^
OSError: [WinError -2147023836] 指定的服務並不是已安裝的服務。

Media Monitor Error: Traceback (most recent call last):

Media Monitor Error:   File "C:\Users\USER\Desktop\project\Kanaric-karaoke-system-gap-closure\pytools.py", line 294, in <module>
    main()
    ~~~~^^

Media Monitor Error:   File "C:\Users\USER\Desktop\project\Kanaric-karaoke-system-gap-closure\pytools.py", line 35, in main
    asyncio.run(poll_media())
    ~~~~~~~~~~~^^^^^^^^^^^^^^
  File "C:\Users\USER\AppData\Local\Python\pythoncore-3.14-64\Lib\asyncio\runners.py", line 204, in run
    return runner.run(main)
           ~~~~~~~~~~^^^^^^
  File "C:\Users\USER\AppData\Local\Python\pythoncore-3.14-64\Lib\asyncio\runners.py", line 127, in run
    return self._loop.run_until_complete(task)
           ~~~~~~~~~~~~~~~~~~~~~~~~~~~~~^^^^^^
  File "C:\Users\USER\AppData\Local\Python\pythoncore-3.14-64\Lib\asyncio\base_events.py", line 719, in run_until_complete
    return future.result()
           ~~~~~~~~~~~~~^^
  File "C:\Users\USER\Desktop\project\Kanaric-karaoke-system-gap-closure\media_monitor.py", line 71, in poll_media
    sessions = await GlobalSystemMediaTransportControlsSessionManager.request_async()
               ^^^^^^^^^^^^^^^^^^^^^^^^^^^^^^^^^^^^^^^^^^^^^^^^^^^^^^^^^^^^^^^^^^^^^^
  File "C:\Users\USER\Desktop\project\Kanaric\venv\Lib\site-packages\winrt\runtime\_internals.py", line 245, in wait
    return op.get_results()
           ~~~~~~~~~~~~~~^^
OSError: [WinError -2147023836] 指定的服務並不是已安裝的服務。

